<?xml version="1.0" encoding="utf-8"?><testsuites name="pytest tests"><testsuite name="pytest" errors="0" failures="0" skipped="0" tests="593" time="4.350" timestamp="2026-02-12T22:44:00.049712+01:00" hostname="bartz10.fritz.box"><testcase classname="tests.processing.test_agg_predict.TestAggPredict" name="test_agg_predict_default_weights" file="tests/processing/test_agg_predict.py" line="6" time="0.011" /><testcase classname="tests.processing.test_agg_predict.TestAggPredict" name="test_agg_predict_custom_weights" file="tests/processing/test_agg_predict.py" line="21" time="0.001" /><testcase classname="tests.processing.test_agg_predict.TestAggPredict" name="test_agg_predict_missing_columns" file="tests/processing/test_agg_predict.py" line="34" time="0.001" /><testcase classname="tests.processing.test_agg_predict.TestAggPredict" name="test_agg_predict_extra_columns" file="tests/processing/test_agg_predict.py" line="44" time="0.001" /><testcase classname="tests.processing.test_n2n_predict" name="test_n2n_predict_flow" file="tests/processing/test_n2n_predict.py" line="5" time="0.016" /><testcase classname="tests.processing.test_n2n_predict" name="test_n2n_predict_combined_calculation" file="tests/processing/test_n2n_predict.py" line="91" time="0.004" /><testcase classname="tests.test_binning_in_sample_residuals.TestBinningInSampleResiduals" name="test_deterministic_behavior_with_random_state" file="tests/test_binning_in_sample_residuals.py" line="21" time="0.011" /><testcase classname="tests.test_binning_in_sample_residuals.TestBinningInSampleResiduals" name="test_different_random_states_produce_different_samples" file="tests/test_binning_in_sample_residuals.py" line="59" time="0.079" /><testcase classname="tests.test_binning_in_sample_residuals.TestBinningInSampleResiduals" name="test_basic_binning_structure" file="tests/test_binning_in_sample_residuals.py" line="87" time="0.002" /><testcase classname="tests.test_binning_in_sample_residuals.TestBinningInSampleResiduals" name="test_residuals_length_matches_expected_window" file="tests/test_binning_in_sample_residuals.py" line="114" time="0.002" /><testcase classname="tests.test_binning_in_sample_residuals.TestBinningInSampleResiduals" name="test_max_sample_per_bin_enforcement" file="tests/test_binning_in_sample_residuals.py" line="138" time="0.063" /><testcase classname="tests.test_binning_in_sample_residuals.TestBinningInSampleResiduals" name="test_total_residuals_limited_to_10000" file="tests/test_binning_in_sample_residuals.py" line="166" time="0.063" /><testcase classname="tests.test_binning_in_sample_residuals.TestBinningInSampleResiduals" name="test_empty_bins_filled_with_global_residuals" file="tests/test_binning_in_sample_residuals.py" line="187" time="0.002" /><testcase classname="tests.test_binning_in_sample_residuals.TestBinningInSampleResiduals" name="test_store_false_only_stores_intervals" file="tests/test_binning_in_sample_residuals.py" line="214" time="0.001" /><testcase classname="tests.test_binning_in_sample_residuals.TestBinningInSampleResiduals" name="test_single_bin_edge_case" file="tests/test_binning_in_sample_residuals.py" line="239" time="0.000" /><testcase classname="tests.test_binning_in_sample_residuals.TestBinningInSampleResiduals" name="test_many_bins_edge_case" file="tests/test_binning_in_sample_residuals.py" line="251" time="0.004" /><testcase classname="tests.test_binning_in_sample_residuals.TestBinningInSampleResiduals" name="test_minimal_data_edge_case" file="tests/test_binning_in_sample_residuals.py" line="277" time="0.002" /><testcase classname="tests.test_binning_in_sample_residuals.TestBinningInSampleResiduals" name="test_binner_intervals_structure" file="tests/test_binning_in_sample_residuals.py" line="302" time="0.002" /><testcase classname="tests.test_binning_in_sample_residuals.TestBinningInSampleResiduals" name="test_residuals_are_numeric" file="tests/test_binning_in_sample_residuals.py" line="328" time="0.002" /><testcase classname="tests.test_binning_in_sample_residuals.TestBinningInSampleResiduals" name="test_residuals_dtype_consistency" file="tests/test_binning_in_sample_residuals.py" line="353" time="0.002" /><testcase classname="tests.test_binning_in_sample_residuals.TestBinningInSampleResiduals" name="test_with_multiple_offsets_n_offsets_parameter" file="tests/test_binning_in_sample_residuals.py" line="377" time="0.002" /><testcase classname="tests.test_binning_in_sample_residuals.TestBinningInSampleResiduals" name="test_with_dateoffset_instead_of_integer" file="tests/test_binning_in_sample_residuals.py" line="401" time="0.004" /><testcase classname="tests.test_binning_in_sample_residuals.TestBinningInSampleResiduals" name="test_residuals_distribution_across_bins" file="tests/test_binning_in_sample_residuals.py" line="424" time="0.002" /><testcase classname="tests.test_binning_in_sample_residuals.TestBinningInSampleResiduals" name="test_reproducibility_after_refit" file="tests/test_binning_in_sample_residuals.py" line="460" time="0.003" /><testcase classname="tests.test_cache_home.TestGetCacheHome" name="test_default_cache_home" file="tests/test_cache_home.py" line="13" time="0.000" /><testcase classname="tests.test_cache_home.TestGetCacheHome" name="test_cache_home_with_string_path" file="tests/test_cache_home.py" line="30" time="0.001" /><testcase classname="tests.test_cache_home.TestGetCacheHome" name="test_cache_home_with_path_object" file="tests/test_cache_home.py" line="48" time="0.001" /><testcase classname="tests.test_cache_home.TestGetCacheHome" name="test_cache_home_creates_directory" file="tests/test_cache_home.py" line="66" time="0.001" /><testcase classname="tests.test_cache_home.TestGetCacheHome" name="test_cache_home_with_tilde_expansion" file="tests/test_cache_home.py" line="81" time="0.000" /><testcase classname="tests.test_cache_home.TestGetCacheHome" name="test_cache_home_idempotent" file="tests/test_cache_home.py" line="94" time="0.000" /><testcase classname="tests.test_cache_home.TestGetCacheHome" name="test_cache_home_is_directory" file="tests/test_cache_home.py" line="105" time="0.000" /><testcase classname="tests.test_cache_home.TestGetCacheHome" name="test_cache_home_with_existing_directory" file="tests/test_cache_home.py" line="117" time="0.000" /><testcase classname="tests.test_cache_home.TestGetCacheHome" name="test_cache_home_with_relative_path" file="tests/test_cache_home.py" line="130" time="0.000" /><testcase classname="tests.test_cache_home.TestGetCacheHome" name="test_cache_home_consistent_with_data_home" file="tests/test_cache_home.py" line="147" time="0.000" /><testcase classname="tests.test_cache_home.TestGetCacheHomeEnvironment" name="test_cache_home_with_environment_variable" file="tests/test_cache_home.py" line="174" time="0.001" /><testcase classname="tests.test_cache_home.TestGetCacheHomeEnvironment" name="test_explicit_path_overrides_environment_variable" file="tests/test_cache_home.py" line="200" time="0.000" /><testcase classname="tests.test_cache_home.TestGetCacheHomeIntegration" name="test_cache_home_can_be_used_for_file_operations" file="tests/test_cache_home.py" line="231" time="0.001" /><testcase classname="tests.test_cache_home.TestGetCacheHomeIntegration" name="test_cache_home_suitable_for_persistence" file="tests/test_cache_home.py" line="247" time="0.001" /><testcase classname="tests.test_check_preprocess_series.TestCheckPreprocessSeriesBasicValidation" name="test_invalid_input_type" file="tests/test_check_preprocess_series.py" line="24" time="0.000" /><testcase classname="tests.test_check_preprocess_series.TestCheckPreprocessSeriesBasicValidation" name="test_empty_dict_raises_error" file="tests/test_check_preprocess_series.py" line="35" time="0.000" /><testcase classname="tests.test_check_preprocess_series.TestCheckPreprocessSeriesDictInput" name="test_dict_with_series_valid" file="tests/test_check_preprocess_series.py" line="44" time="0.001" /><testcase classname="tests.test_check_preprocess_series.TestCheckPreprocessSeriesDictInput" name="test_dict_with_dataframe_single_column_valid" file="tests/test_check_preprocess_series.py" line="62" time="0.001" /><testcase classname="tests.test_check_preprocess_series.TestCheckPreprocessSeriesDictInput" name="test_dict_with_mixed_series_and_dataframe" file="tests/test_check_preprocess_series.py" line="75" time="0.000" /><testcase classname="tests.test_check_preprocess_series.TestCheckPreprocessSeriesDictInput" name="test_dict_with_invalid_series_type" file="tests/test_check_preprocess_series.py" line="88" time="0.000" /><testcase classname="tests.test_check_preprocess_series.TestCheckPreprocessSeriesDictInput" name="test_dict_with_multi_column_dataframe_raises_error" file="tests/test_check_preprocess_series.py" line="99" time="0.000" /><testcase classname="tests.test_check_preprocess_series.TestCheckPreprocessSeriesIndexType" name="test_datetimeindex_valid" file="tests/test_check_preprocess_series.py" line="115" time="0.000" /><testcase classname="tests.test_check_preprocess_series.TestCheckPreprocessSeriesIndexType" name="test_rangeindex_valid" file="tests/test_check_preprocess_series.py" line="125" time="0.000" /><testcase classname="tests.test_check_preprocess_series.TestCheckPreprocessSeriesIndexType" name="test_invalid_index_type" file="tests/test_check_preprocess_series.py" line="136" time="0.000" /><testcase classname="tests.test_check_preprocess_series.TestCheckPreprocessSeriesIndexType" name="test_datetimeindex_without_frequency_raises_error" file="tests/test_check_preprocess_series.py" line="147" time="0.001" /><testcase classname="tests.test_check_preprocess_series.TestCheckPreprocessSeriesIndexType" name="test_rangeindex_valid_has_default_step" file="tests/test_check_preprocess_series.py" line="160" time="0.000" /><testcase classname="tests.test_check_preprocess_series.TestCheckPreprocessSeriesFrequencyConsistency" name="test_same_datetimeindex_frequencies_valid" file="tests/test_check_preprocess_series.py" line="177" time="0.000" /><testcase classname="tests.test_check_preprocess_series.TestCheckPreprocessSeriesFrequencyConsistency" name="test_different_datetimeindex_frequencies_raises_error" file="tests/test_check_preprocess_series.py" line="188" time="0.000" /><testcase classname="tests.test_check_preprocess_series.TestCheckPreprocessSeriesFrequencyConsistency" name="test_same_rangeindex_steps_valid" file="tests/test_check_preprocess_series.py" line="203" time="0.000" /><testcase classname="tests.test_check_preprocess_series.TestCheckPreprocessSeriesFrequencyConsistency" name="test_different_rangeindex_steps_raises_error" file="tests/test_check_preprocess_series.py" line="217" time="0.000" /><testcase classname="tests.test_check_preprocess_series.TestCheckPreprocessSeriesFrequencyConsistency" name="test_mixed_index_types_raises_error" file="tests/test_check_preprocess_series.py" line="231" time="0.000" /><testcase classname="tests.test_check_preprocess_series.TestCheckPreprocessSeriesDataValidation" name="test_all_nan_series_raises_error" file="tests/test_check_preprocess_series.py" line="250" time="0.000" /><testcase classname="tests.test_check_preprocess_series.TestCheckPreprocessSeriesDataValidation" name="test_series_with_some_nan_valid" file="tests/test_check_preprocess_series.py" line="260" time="0.000" /><testcase classname="tests.test_check_preprocess_series.TestCheckPreprocessSeriesDataValidation" name="test_series_with_zero_values_valid" file="tests/test_check_preprocess_series.py" line="273" time="0.000" /><testcase classname="tests.test_check_preprocess_series.TestCheckPreprocessSeriesDataFrameWideFormat" name="test_wide_format_dataframe_valid" file="tests/test_check_preprocess_series.py" line="287" time="0.002" /><testcase classname="tests.test_check_preprocess_series.TestCheckPreprocessSeriesDataFrameWideFormat" name="test_wide_format_single_column_dataframe" file="tests/test_check_preprocess_series.py" line="310" time="0.001" /><testcase classname="tests.test_check_preprocess_series.TestCheckPreprocessSeriesDataFrameWideFormat" name="test_wide_format_without_frequency_raises_error" file="tests/test_check_preprocess_series.py" line="323" time="0.001" /><testcase classname="tests.test_check_preprocess_series.TestCheckPreprocessSeriesDataFrameLongFormat" name="test_long_format_multiindex_valid" file="tests/test_check_preprocess_series.py" line="342" time="0.005" /><testcase classname="tests.test_check_preprocess_series.TestCheckPreprocessSeriesDataFrameLongFormat" name="test_long_format_multiindex_multiple_columns_warning" file="tests/test_check_preprocess_series.py" line="361" time="0.001" /><testcase classname="tests.test_check_preprocess_series.TestCheckPreprocessSeriesDataFrameLongFormat" name="test_long_format_invalid_multiindex_structure" file="tests/test_check_preprocess_series.py" line="385" time="0.001" /><testcase classname="tests.test_check_preprocess_series.TestCheckPreprocessSeriesReturnValues" name="test_return_structure" file="tests/test_check_preprocess_series.py" line="399" time="0.000" /><testcase classname="tests.test_check_preprocess_series.TestCheckPreprocessSeriesReturnValues" name="test_series_are_copies" file="tests/test_check_preprocess_series.py" line="414" time="0.000" /><testcase classname="tests.test_check_preprocess_series.TestCheckPreprocessSeriesReturnValues" name="test_index_preserved_in_return" file="tests/test_check_preprocess_series.py" line="428" time="0.000" /><testcase classname="tests.test_check_preprocess_series.TestCheckPreprocessSeriesReturnValues" name="test_series_names_set_correctly" file="tests/test_check_preprocess_series.py" line="439" time="0.000" /><testcase classname="tests.test_check_preprocess_series.TestCheckPreprocessSeriesEdgeCases" name="test_single_series" file="tests/test_check_preprocess_series.py" line="454" time="0.000" /><testcase classname="tests.test_check_preprocess_series.TestCheckPreprocessSeriesEdgeCases" name="test_many_series" file="tests/test_check_preprocess_series.py" line="466" time="0.006" /><testcase classname="tests.test_check_preprocess_series.TestCheckPreprocessSeriesEdgeCases" name="test_very_short_series" file="tests/test_check_preprocess_series.py" line="480" time="0.000" /><testcase classname="tests.test_check_preprocess_series.TestCheckPreprocessSeriesEdgeCases" name="test_very_long_series" file="tests/test_check_preprocess_series.py" line="491" time="0.000" /><testcase classname="tests.test_check_preprocess_series.TestCheckPreprocessSeriesEdgeCases" name="test_negative_values_valid" file="tests/test_check_preprocess_series.py" line="502" time="0.000" /><testcase classname="tests.test_check_preprocess_series.TestCheckPreprocessSeriesEdgeCases" name="test_large_values_valid" file="tests/test_check_preprocess_series.py" line="513" time="0.000" /><testcase classname="tests.test_check_preprocess_series.TestCheckPreprocessSeriesIntegration" name="test_real_world_scenario_multiple_daily_series" file="tests/test_check_preprocess_series.py" line="530" time="0.000" /><testcase classname="tests.test_check_preprocess_series.TestCheckPreprocessSeriesIntegration" name="test_conversion_from_dataframe_to_dict" file="tests/test_check_preprocess_series.py" line="550" time="0.001" /><testcase classname="tests.test_check_preprocess_series.TestCheckPreprocessSeriesSafetyFeatures" name="test_no_data_corruption" file="tests/test_check_preprocess_series.py" line="577" time="0.000" /><testcase classname="tests.test_check_preprocess_series.TestCheckPreprocessSeriesSafetyFeatures" name="test_deterministic_output" file="tests/test_check_preprocess_series.py" line="593" time="0.000" /><testcase classname="tests.test_check_preprocess_series.TestCheckPreprocessSeriesSafetyFeatures" name="test_clear_error_messages" file="tests/test_check_preprocess_series.py" line="607" time="0.001" /><testcase classname="tests.test_cpe.TestGetCPEIdentifier" name="test_cpe_default_wildcard_version" file="tests/test_cpe.py" line="17" time="0.000" /><testcase classname="tests.test_cpe.TestGetCPEIdentifier" name="test_cpe_specific_stable_version" file="tests/test_cpe.py" line="25" time="0.000" /><testcase classname="tests.test_cpe.TestGetCPEIdentifier" name="test_cpe_rc_version" file="tests/test_cpe.py" line="33" time="0.000" /><testcase classname="tests.test_cpe.TestGetCPEIdentifier" name="test_cpe_beta_version" file="tests/test_cpe.py" line="41" time="0.000" /><testcase classname="tests.test_cpe.TestGetCPEIdentifier" name="test_cpe_format_consistency" file="tests/test_cpe.py" line="49" time="0.000" /><testcase classname="tests.test_cpe.TestGetCPEIdentifier" name="test_cpe_contains_vendor_and_product" file="tests/test_cpe.py" line="63" time="0.000" /><testcase classname="tests.test_cpe.TestGetCPEIdentifier" name="test_cpe_type_error_on_non_string_version" file="tests/test_cpe.py" line="69" time="0.000" /><testcase classname="tests.test_cpe.TestGetCPEIdentifier" name="test_cpe_empty_string_version" file="tests/test_cpe.py" line="83" time="0.000" /><testcase classname="tests.test_cpe.TestGetCPEIdentifier" name="test_cpe_version_with_special_characters" file="tests/test_cpe.py" line="91" time="0.000" /><testcase classname="tests.test_cpe.TestGetCPEIdentifier" name="test_cpe_long_version_string" file="tests/test_cpe.py" line="96" time="0.000" /><testcase classname="tests.test_cpe.TestGetCPEIdentifier" name="test_cpe_nist_compliance_format" file="tests/test_cpe.py" line="102" time="0.000" /><testcase classname="tests.test_cpe.TestCPEIntegration" name="test_cpe_sbom_compatibility" file="tests/test_cpe.py" line="123" time="0.000" /><testcase classname="tests.test_cpe.TestCPEIntegration" name="test_cpe_multiple_calls_consistency" file="tests/test_cpe.py" line="129" time="0.000" /><testcase classname="tests.test_cpe.TestCPEIntegration" name="test_cpe_reproducibility" file="tests/test_cpe.py" line="136" time="0.000" /><testcase classname="tests.test_curate_data.TestGetStartEnd" name="test_get_start_end_returns_tuple" file="tests/test_curate_data.py" line="34" time="0.002" /><testcase classname="tests.test_curate_data.TestGetStartEnd" name="test_get_start_end_returns_strings" file="tests/test_curate_data.py" line="40" time="0.001" /><testcase classname="tests.test_curate_data.TestGetStartEnd" name="test_get_start_end_datetime_format" file="tests/test_curate_data.py" line="50" time="0.001" /><testcase classname="tests.test_curate_data.TestGetStartEnd" name="test_get_start_end_start_equals_data_min" file="tests/test_curate_data.py" line="61" time="0.001" /><testcase classname="tests.test_curate_data.TestGetStartEnd" name="test_get_start_end_end_equals_data_max" file="tests/test_curate_data.py" line="67" time="0.001" /><testcase classname="tests.test_curate_data.TestGetStartEnd" name="test_get_start_end_cov_start_equals_data_start" file="tests/test_curate_data.py" line="73" time="0.001" /><testcase classname="tests.test_curate_data.TestGetStartEnd" name="test_get_start_end_cov_end_extended_by_horizon" file="tests/test_curate_data.py" line="80" time="0.001" /><testcase classname="tests.test_curate_data.TestGetStartEnd" name="test_get_start_end_different_forecast_horizons" file="tests/test_curate_data.py" line="90" time="0.002" /><testcase classname="tests.test_curate_data.TestGetStartEnd" name="test_get_start_end_single_row" file="tests/test_curate_data.py" line="111" time="0.001" /><testcase classname="tests.test_curate_data.TestGetStartEnd" name="test_get_start_end_zero_forecast_horizon" file="tests/test_curate_data.py" line="123" time="0.001" /><testcase classname="tests.test_curate_data.TestGetStartEnd" name="test_get_start_end_large_forecast_horizon" file="tests/test_curate_data.py" line="132" time="0.001" /><testcase classname="tests.test_curate_data.TestGetStartEnd" name="test_get_start_end_long_range_data" file="tests/test_curate_data.py" line="141" time="0.002" /><testcase classname="tests.test_curate_data.TestGetStartEnd" name="test_get_start_end_verbose_true" file="tests/test_curate_data.py" line="156" time="0.001" /><testcase classname="tests.test_curate_data.TestGetStartEnd" name="test_get_start_end_verbose_false" file="tests/test_curate_data.py" line="163" time="0.001" /><testcase classname="tests.test_curate_data.TestGetStartEnd" name="test_get_start_end_verbose_default" file="tests/test_curate_data.py" line="170" time="0.001" /><testcase classname="tests.test_curate_data.TestGetStartEnd" name="test_get_start_end_order_of_results" file="tests/test_curate_data.py" line="177" time="0.001" /><testcase classname="tests.test_curate_data.TestGetStartEnd" name="test_get_start_end_hourly_frequency" file="tests/test_curate_data.py" line="191" time="0.001" /><testcase classname="tests.test_curate_data.TestGetStartEnd" name="test_get_start_end_daily_frequency" file="tests/test_curate_data.py" line="205" time="0.001" /><testcase classname="tests.test_curate_data.TestGetStartEnd" name="test_get_start_end_example_from_docstring" file="tests/test_curate_data.py" line="217" time="0.001" /><testcase classname="tests.test_curate_data.TestGetStartEnd" name="test_get_start_end_preserves_data" file="tests/test_curate_data.py" line="232" time="0.001" /><testcase classname="tests.test_curate_data.TestGetStartEnd" name="test_get_start_end_with_timezone_aware_index" file="tests/test_curate_data.py" line="238" time="0.001" /><testcase classname="tests.test_curate_data.TestGetStartEnd" name="test_get_start_end_leap_year" file="tests/test_curate_data.py" line="256" time="0.001" /><testcase classname="tests.test_curate_data.TestGetStartEnd" name="test_get_start_end_year_boundary" file="tests/test_curate_data.py" line="267" time="0.001" /><testcase classname="tests.test_curate_data.TestGetStartEnd" name="test_get_start_end_month_boundary" file="tests/test_curate_data.py" line="279" time="0.001" /><testcase classname="tests.test_curate_data.TestGetStartEnd" name="test_get_start_end_consistency_across_calls" file="tests/test_curate_data.py" line="290" time="0.001" /><testcase classname="tests.test_curate_data.TestGetStartEnd" name="test_get_start_end_forecast_horizon_parameter_types" file="tests/test_curate_data.py" line="296" time="0.001" /><testcase classname="tests.test_curate_data.TestGetStartEndEdgeCases" name="test_get_start_end_very_small_dataframe" file="tests/test_curate_data.py" line="310" time="0.001" /><testcase classname="tests.test_curate_data.TestGetStartEndEdgeCases" name="test_get_start_end_irregular_frequency" file="tests/test_curate_data.py" line="325" time="0.001" /><testcase classname="tests.test_docs_ForecasterRecursive" name="test_docs_probabilistic_forecasting" file="tests/test_docs_ForecasterRecursive.py" line="6" time="0.037" /><testcase classname="tests.test_docstring_examples_demo_data" name="test_docstring_examples_demo_data" file="tests/test_docstring_examples_demo_data.py" line="13" time="0.003" /><testcase classname="tests.test_docstring_examples_demo_loader" name="test_docstring_examples_demo_loader" file="tests/test_docstring_examples_demo_loader.py" line="15" time="0.014" /><testcase classname="tests.test_docstring_examples_equivalent_date" name="test_example_fit_and_predict" file="tests/test_docstring_examples_equivalent_date.py" line="13" time="0.001" /><testcase classname="tests.test_docstring_examples_equivalent_date" name="test_example_repr_contains_expected_lines" file="tests/test_docstring_examples_equivalent_date.py" line="26" time="0.001" /><testcase classname="tests.test_docstring_examples_equivalent_date" name="test_example_repr_html_contains_expected_markers" file="tests/test_docstring_examples_equivalent_date.py" line="38" time="0.001" /><testcase classname="tests.test_docstring_examples_equivalent_date" name="test_example_binning_in_sample_residuals" file="tests/test_docstring_examples_equivalent_date.py" line="48" time="0.002" /><testcase classname="tests.test_docstring_examples_equivalent_date" name="test_example_predict_interval_structure_and_preds" file="tests/test_docstring_examples_equivalent_date.py" line="67" time="0.003" /><testcase classname="tests.test_docstring_examples_equivalent_date" name="test_example_set_in_sample_residuals" file="tests/test_docstring_examples_equivalent_date.py" line="82" time="0.003" /><testcase classname="tests.test_docstring_examples_equivalent_date" name="test_example_set_out_sample_residuals" file="tests/test_docstring_examples_equivalent_date.py" line="91" time="0.002" /><testcase classname="tests.test_docstring_examples_equivalent_date" name="test_example_get_tags" file="tests/test_docstring_examples_equivalent_date.py" line="102" time="0.000" /><testcase classname="tests.test_docstring_examples_equivalent_date" name="test_example_summary_prints" file="tests/test_docstring_examples_equivalent_date.py" line="112" time="0.001" /><testcase classname="tests.test_docstring_examples_forecaster_recursive" name="test_doc_example_basic_forecaster" file="tests/test_docstring_examples_forecaster_recursive.py" line="22" time="0.004" /><testcase classname="tests.test_docstring_examples_forecaster_recursive" name="test_doc_example_window_features_and_transformations" file="tests/test_docstring_examples_forecaster_recursive.py" line="32" time="0.241" /><testcase classname="tests.test_docstring_examples_forecaster_recursive" name="test_doc_example_with_exog_variables" file="tests/test_docstring_examples_forecaster_recursive.py" line="48" time="0.005" /><testcase classname="tests.test_docstring_examples_forecaster_recursive" name="test_doc_example_probabilistic_config" file="tests/test_docstring_examples_forecaster_recursive.py" line="62" time="0.037" /><testcase classname="tests.test_docstring_examples_forecaster_recursive" name="test_doc_example_repr_html" file="tests/test_docstring_examples_forecaster_recursive.py" line="76" time="0.000" /><testcase classname="tests.test_docstring_examples_forecaster_recursive" name="test_doc_example_setstate" file="tests/test_docstring_examples_forecaster_recursive.py" line="83" time="0.000" /><testcase classname="tests.test_docstring_examples_forecaster_recursive" name="test_doc_example_create_lags" file="tests/test_docstring_examples_forecaster_recursive.py" line="90" time="0.000" /><testcase classname="tests.test_docstring_examples_forecaster_recursive" name="test_doc_example_create_window_features" file="tests/test_docstring_examples_forecaster_recursive.py" line="103" time="0.001" /><testcase classname="tests.test_docstring_examples_forecaster_recursive" name="test_doc_example_create_train_X_y" file="tests/test_docstring_examples_forecaster_recursive.py" line="120" time="0.001" /><testcase classname="tests.test_docstring_examples_forecaster_recursive" name="test_doc_example_create_train_X_y_public" file="tests/test_docstring_examples_forecaster_recursive.py" line="149" time="0.001" /><testcase classname="tests.test_docstring_examples_forecaster_recursive" name="test_doc_example_train_test_split_one_step_ahead" file="tests/test_docstring_examples_forecaster_recursive.py" line="178" time="0.002" /><testcase classname="tests.test_docstring_examples_forecaster_recursive" name="test_doc_example_get_params" file="tests/test_docstring_examples_forecaster_recursive.py" line="196" time="0.000" /><testcase classname="tests.test_docstring_examples_forecaster_recursive" name="test_doc_example_set_params" file="tests/test_docstring_examples_forecaster_recursive.py" line="205" time="0.000" /><testcase classname="tests.test_docstring_examples_forecaster_recursive" name="test_doc_example_fit" file="tests/test_docstring_examples_forecaster_recursive.py" line="212" time="0.003" /><testcase classname="tests.test_docstring_examples_forecaster_recursive" name="test_doc_example_create_predict_inputs" file="tests/test_docstring_examples_forecaster_recursive.py" line="226" time="0.002" /><testcase classname="tests.test_docstring_examples_forecaster_recursive" name="test_doc_example_recursive_predict" file="tests/test_docstring_examples_forecaster_recursive.py" line="251" time="0.005" /><testcase classname="tests.test_docstring_examples_forecaster_recursive" name="test_doc_example_predict" file="tests/test_docstring_examples_forecaster_recursive.py" line="274" time="0.005" /><testcase classname="tests.test_docstring_examples_manager" name="test_docstring_examples_logger" file="tests/test_docstring_examples_manager.py" line="13" time="0.001" /><testcase classname="tests.test_docstring_examples_manager" name="test_docstring_examples_tools" file="tests/test_docstring_examples_manager.py" line="26" time="0.002" /><testcase classname="tests.test_docstring_examples_manager" name="test_docstring_examples_persistence" file="tests/test_docstring_examples_manager.py" line="39" time="0.006" /><testcase classname="tests.test_docstring_examples_manager" name="test_docstring_examples_predictor" file="tests/test_docstring_examples_manager.py" line="52" time="0.002" /><testcase classname="tests.test_docstring_examples_manager" name="test_docstring_examples_trainer" file="tests/test_docstring_examples_manager.py" line="65" time="0.002" /><testcase classname="tests.test_docstring_examples_manager" name="test_docstring_examples_metrics" file="tests/test_docstring_examples_manager.py" line="78" time="0.003" /><testcase classname="tests.test_docstring_examples_persistence" name="test_ensure_model_dir_docstring_examples" file="tests/test_docstring_examples_persistence.py" line="15" time="0.005" /><testcase classname="tests.test_docstring_examples_persistence" name="test_ensure_model_dir_example" file="tests/test_docstring_examples_persistence.py" line="27" time="0.001" /><testcase classname="tests.test_docstring_examples_persistence" name="test_get_model_filepath_example" file="tests/test_docstring_examples_persistence.py" line="43" time="0.000" /><testcase classname="tests.test_docstring_examples_persistence" name="test_save_forecasters_example" file="tests/test_docstring_examples_persistence.py" line="57" time="0.001" /><testcase classname="tests.test_docstring_examples_persistence" name="test_load_forecasters_example" file="tests/test_docstring_examples_persistence.py" line="78" time="0.001" /><testcase classname="tests.test_docstring_examples_persistence" name="test_model_directory_exists_example" file="tests/test_docstring_examples_persistence.py" line="107" time="0.000" /><testcase classname="tests.test_docstring_examples_persistence" name="test_all_docstring_examples_via_doctest" file="tests/test_docstring_examples_persistence.py" line="119" time="0.004" /><testcase classname="tests.test_docstring_examples_predict_interval" name="test_docstring_example_recursive_predict_bootstrapping" file="tests/test_docstring_examples_predict_interval.py" line="4" time="0.003" /><testcase classname="tests.test_docstring_examples_predict_interval" name="test_docstring_example_predict_bootstrapping" file="tests/test_docstring_examples_predict_interval.py" line="26" time="0.003" /><testcase classname="tests.test_docstring_examples_predict_interval" name="test_docstring_example_predict_interval_conformal" file="tests/test_docstring_examples_predict_interval.py" line="42" time="0.005" /><testcase classname="tests.test_docstring_examples_predict_interval" name="test_docstring_example_predict_interval" file="tests/test_docstring_examples_predict_interval.py" line="58" time="0.007" /><testcase classname="tests.test_downloader_entsoe.TestEntsoeDownloader" name="test_download_new_data_cooldown" file="tests/test_downloader_entsoe.py" line="90" time="0.002" /><testcase classname="tests.test_downloader_entsoe.TestEntsoeDownloader" name="test_download_new_data_success" file="tests/test_downloader_entsoe.py" line="62" time="0.007" /><testcase classname="tests.test_downloader_entsoe.TestEntsoeDownloader" name="test_merge_build_manual" file="tests/test_downloader_entsoe.py" line="30" time="0.007" /><testcase classname="tests.test_exceptions_examples" name="test_missing_values_warning_example" file="tests/test_exceptions_examples.py" line="8" time="0.000" /><testcase classname="tests.test_exog_builder" name="test_exog_builder_basic_build" file="tests/test_exog_builder.py" line="6" time="0.002" /><testcase classname="tests.test_exog_builder" name="test_exog_builder_with_periods" file="tests/test_exog_builder.py" line="21" time="0.002" /><testcase classname="tests.test_exog_builder" name="test_exog_builder_with_holidays" file="tests/test_exog_builder.py" line="35" time="0.103" /><testcase classname="tests.test_exog_builder" name="test_exog_builder_docstring_example" file="tests/test_exog_builder.py" line="48" time="0.002" /><testcase classname="tests.test_exog_builder_examples" name="test_exog_builder_build_example" file="tests/test_exog_builder_examples.py" line="6" time="0.002" /><testcase classname="tests.test_fetch_data.TestGetDataHome" name="test_get_data_home_default" file="tests/test_fetch_data.py" line="18" time="0.000" /><testcase classname="tests.test_fetch_data.TestGetDataHome" name="test_get_data_home_with_string_path" file="tests/test_fetch_data.py" line="25" time="0.001" /><testcase classname="tests.test_fetch_data.TestGetDataHome" name="test_get_data_home_with_path_object" file="tests/test_fetch_data.py" line="33" time="0.001" /><testcase classname="tests.test_fetch_data.TestGetDataHome" name="test_get_data_home_creates_directory" file="tests/test_fetch_data.py" line="42" time="0.001" /><testcase classname="tests.test_fetch_data.TestGetDataHome" name="test_get_data_home_with_tilde_expansion" file="tests/test_fetch_data.py" line="53" time="0.000" /><testcase classname="tests.test_fetch_data.TestGetDataHome" name="test_get_data_home_environment_variable" file="tests/test_fetch_data.py" line="60" time="0.001" /><testcase classname="tests.test_fetch_data.TestGetDataHome" name="test_get_data_home_path_precedence" file="tests/test_fetch_data.py" line="67" time="0.001" /><testcase classname="tests.test_fetch_data.TestGetDataHome" name="test_get_data_home_returns_absolute_path" file="tests/test_fetch_data.py" line="75" time="0.000" /><testcase classname="tests.test_fetch_data.TestGetDataHome" name="test_get_data_home_nested_directory_creation" file="tests/test_fetch_data.py" line="80" time="0.001" /><testcase classname="tests.test_fetch_data.TestFetchData" name="test_fetch_data_columns_none" file="tests/test_fetch_data.py" line="148" time="0.002" /><testcase classname="tests.test_fetch_data.TestFetchData" name="test_fetch_data_columns_empty_list" file="tests/test_fetch_data.py" line="166" time="0.000" /><testcase classname="tests.test_fetch_data.TestFetchData" name="test_fetch_data_file_not_found" file="tests/test_fetch_data.py" line="171" time="0.000" /><testcase classname="tests.test_fetch_data.TestFetchData" name="test_fetch_data_default_parameters" file="tests/test_fetch_data.py" line="176" time="0.002" /><testcase classname="tests.test_fetch_data.TestFetchData" name="test_fetch_data_custom_filename" file="tests/test_fetch_data.py" line="202" time="0.002" /><testcase classname="tests.test_fetch_data.TestFetchData" name="test_fetch_data_custom_columns" file="tests/test_fetch_data.py" line="219" time="0.001" /><testcase classname="tests.test_fetch_data.TestFetchData" name="test_fetch_data_custom_index_col" file="tests/test_fetch_data.py" line="238" time="0.001" /><testcase classname="tests.test_fetch_data.TestFetchData" name="test_fetch_data_parse_dates" file="tests/test_fetch_data.py" line="255" time="0.002" /><testcase classname="tests.test_fetch_data.TestFetchData" name="test_fetch_data_dayfirst" file="tests/test_fetch_data.py" line="272" time="0.002" /><testcase classname="tests.test_fetch_data.TestFetchData" name="test_fetch_data_timezone" file="tests/test_fetch_data.py" line="289" time="0.001" /><testcase classname="tests.test_fetch_data.TestFetchData" name="test_fetch_data_all_parameters" file="tests/test_fetch_data.py" line="310" time="0.002" /><testcase classname="tests.test_fetch_data.TestFetchData" name="test_fetch_data_returns_dataframe" file="tests/test_fetch_data.py" line="341" time="0.001" /><testcase classname="tests.test_fetch_data.TestFetchData" name="test_fetch_data_calls_data_from_csv" file="tests/test_fetch_data.py" line="359" time="0.002" /><testcase classname="tests.test_fetch_data.TestIntegration" name="test_get_data_home_fetch_data_integration" file="tests/test_fetch_data.py" line="381" time="0.001" /><testcase classname="tests.test_fetch_data.TestIntegration" name="test_get_data_home_environment_integration" file="tests/test_fetch_data.py" line="402" time="0.001" /><testcase classname="tests.test_fetch_data.TestFetchHolidayData" name="test_fetch_holiday_data_returns_dataframe" file="tests/test_fetch_data.py" line="414" time="0.000" /><testcase classname="tests.test_fetch_data.TestFetchHolidayData" name="test_fetch_holiday_data_default_parameters" file="tests/test_fetch_data.py" line="429" time="0.000" /><testcase classname="tests.test_fetch_data.TestFetchHolidayData" name="test_fetch_holiday_data_custom_timezone" file="tests/test_fetch_data.py" line="447" time="0.000" /><testcase classname="tests.test_fetch_data.TestFetchHolidayData" name="test_fetch_holiday_data_custom_frequency" file="tests/test_fetch_data.py" line="461" time="0.000" /><testcase classname="tests.test_fetch_data.TestFetchHolidayData" name="test_fetch_holiday_data_custom_country_code" file="tests/test_fetch_data.py" line="475" time="0.000" /><testcase classname="tests.test_fetch_data.TestFetchHolidayData" name="test_fetch_holiday_data_custom_state" file="tests/test_fetch_data.py" line="489" time="0.000" /><testcase classname="tests.test_fetch_data.TestFetchHolidayData" name="test_fetch_holiday_data_all_custom_parameters" file="tests/test_fetch_data.py" line="503" time="0.000" /><testcase classname="tests.test_fetch_data.TestFetchHolidayData" name="test_fetch_holiday_data_with_timestamp_objects" file="tests/test_fetch_data.py" line="528" time="0.000" /><testcase classname="tests.test_fetch_data.TestFetchHolidayData" name="test_fetch_holiday_data_with_string_dates" file="tests/test_fetch_data.py" line="544" time="0.000" /><testcase classname="tests.test_fetch_data.TestFetchHolidayData" name="test_fetch_holiday_data_returns_correct_structure" file="tests/test_fetch_data.py" line="557" time="0.002" /><testcase classname="tests.test_fetch_data.TestFetchWeatherData" name="test_fetch_weather_data_returns_dataframe" file="tests/test_fetch_data.py" line="575" time="0.001" /><testcase classname="tests.test_fetch_data.TestFetchWeatherData" name="test_fetch_weather_data_default_parameters" file="tests/test_fetch_data.py" line="592" time="0.001" /><testcase classname="tests.test_fetch_data.TestFetchWeatherData" name="test_fetch_weather_data_custom_coordinates" file="tests/test_fetch_data.py" line="623" time="0.000" /><testcase classname="tests.test_fetch_data.TestFetchWeatherData" name="test_fetch_weather_data_custom_timezone" file="tests/test_fetch_data.py" line="643" time="0.000" /><testcase classname="tests.test_fetch_data.TestFetchWeatherData" name="test_fetch_weather_data_custom_frequency" file="tests/test_fetch_data.py" line="661" time="0.000" /><testcase classname="tests.test_fetch_data.TestFetchWeatherData" name="test_fetch_weather_data_fallback_on_failure_false" file="tests/test_fetch_data.py" line="677" time="0.000" /><testcase classname="tests.test_fetch_data.TestFetchWeatherData" name="test_fetch_weather_data_cached_true" file="tests/test_fetch_data.py" line="695" time="0.001" /><testcase classname="tests.test_fetch_data.TestFetchWeatherData" name="test_fetch_weather_data_cached_false" file="tests/test_fetch_data.py" line="717" time="0.001" /><testcase classname="tests.test_fetch_data.TestFetchWeatherData" name="test_fetch_weather_data_all_custom_parameters" file="tests/test_fetch_data.py" line="733" time="0.001" /><testcase classname="tests.test_fetch_data.TestFetchWeatherData" name="test_fetch_weather_data_cache_path_creation" file="tests/test_fetch_data.py" line="771" time="0.000" /><testcase classname="tests.test_fetch_data.TestFetchWeatherData" name="test_fetch_weather_data_returns_service_dataframe" file="tests/test_fetch_data.py" line="793" time="0.001" /><testcase classname="tests.test_fetch_data.TestFetchWeatherData" name="test_fetch_weather_data_date_range_propagation" file="tests/test_fetch_data.py" line="815" time="0.001" /><testcase classname="tests.test_fetch_data.TestFetchWeatherData" name="test_fetch_weather_data_default_dortmund_coordinates" file="tests/test_fetch_data.py" line="833" time="0.000" /><testcase classname="tests.test_forecaster_equivalent_date" name="test_init_invalid_offset" file="tests/test_forecaster_equivalent_date.py" line="7" time="0.000" /><testcase classname="tests.test_forecaster_equivalent_date" name="test_fit_invalid_y_type" file="tests/test_forecaster_equivalent_date.py" line="15" time="0.000" /><testcase classname="tests.test_forecaster_equivalent_date" name="test_fit_dateoffset_no_datetimeindex" file="tests/test_forecaster_equivalent_date.py" line="24" time="0.000" /><testcase classname="tests.test_forecaster_equivalent_date" name="test_predict_simple_integer_offset" file="tests/test_forecaster_equivalent_date.py" line="34" time="0.001" /><testcase classname="tests.test_forecaster_equivalent_date" name="test_predict_dateoffset" file="tests/test_forecaster_equivalent_date.py" line="53" time="0.003" /><testcase classname="tests.test_forecaster_equivalent_date" name="test_predict_aggregation" file="tests/test_forecaster_equivalent_date.py" line="81" time="0.001" /><testcase classname="tests.test_forecaster_equivalent_date" name="test_predict_interval_conformal" file="tests/test_forecaster_equivalent_date.py" line="101" time="0.002" /><testcase classname="tests.test_forecaster_equivalent_date" name="test_missing_values_warning_dateoffset" file="tests/test_forecaster_equivalent_date.py" line="117" time="0.004" /><testcase classname="tests.test_forecaster_equivalent_date" name="test_repr" file="tests/test_forecaster_equivalent_date.py" line="143" time="0.000" /><testcase classname="tests.test_forecaster_equivalent_date" name="test_predict_with_last_window" file="tests/test_forecaster_equivalent_date.py" line="154" time="0.001" /><testcase classname="tests.test_forecaster_recursive_exog_validation" name="test_exog_full_length_alignment" file="tests/test_forecaster_recursive_exog_validation.py" line="10" time="0.002" /><testcase classname="tests.test_forecaster_recursive_exog_validation" name="test_exog_prealigned_length" file="tests/test_forecaster_recursive_exog_validation.py" line="23" time="0.003" /><testcase classname="tests.test_forecaster_recursive_exog_validation" name="test_exog_invalid_length_raises_error" file="tests/test_forecaster_recursive_exog_validation.py" line="41" time="0.001" /><testcase classname="tests.test_forecaster_recursive_exog_validation" name="test_exog_validation_with_differentiation" file="tests/test_forecaster_recursive_exog_validation.py" line="53" time="0.002" /><testcase classname="tests.test_forecaster_recursive_exog_validation" name="test_exog_error_message_clarity" file="tests/test_forecaster_recursive_exog_validation.py" line="68" time="0.000" /><testcase classname="tests.test_forecaster_recursive_model" name="test_forecaster_recursive_model_init" file="tests/test_forecaster_recursive_model.py" line="13" time="0.001" /><testcase classname="tests.test_forecaster_recursive_model" name="test_forecaster_recursive_model_tune" file="tests/test_forecaster_recursive_model.py" line="23" time="0.001" /><testcase classname="tests.test_forecaster_recursive_model" name="test_forecaster_recursive_model_fit" file="tests/test_forecaster_recursive_model.py" line="30" time="0.004" /><testcase classname="tests.test_forecaster_recursive_model" name="test_forecaster_recursive_lgbm_init" file="tests/test_forecaster_recursive_model.py" line="42" time="0.001" /><testcase classname="tests.test_forecaster_recursive_model" name="test_forecaster_recursive_xgb_init" file="tests/test_forecaster_recursive_model.py" line="51" time="0.001" /><testcase classname="tests.test_forecaster_recursive_model" name="test_docstring_examples" file="tests/test_forecaster_recursive_model.py" line="67" time="0.001" /><testcase classname="tests.test_forecaster_recursive_repr_html" name="test_repr_html_unfitted_contains_sections" file="tests/test_forecaster_recursive_repr_html.py" line="15" time="0.001" /><testcase classname="tests.test_forecaster_recursive_repr_html" name="test_repr_html_fitted_includes_training_and_exog" file="tests/test_forecaster_recursive_repr_html.py" line="29" time="0.003" /><testcase classname="tests.test_forecaster_recursive_setstate" name="test_setstate_restores_spotforecast_tags_when_missing" file="tests/test_forecaster_recursive_setstate.py" line="7" time="0.000" /><testcase classname="tests.test_forecaster_utils.TestInitializeWindowFeatures" name="test_single_window_feature" file="tests/test_forecaster_utils.py" line="24" time="0.000" /><testcase classname="tests.test_forecaster_utils.TestInitializeWindowFeatures" name="test_multiple_window_features" file="tests/test_forecaster_utils.py" line="35" time="0.000" /><testcase classname="tests.test_forecaster_utils.TestInitializeWindowFeatures" name="test_none_window_features" file="tests/test_forecaster_utils.py" line="45" time="0.000" /><testcase classname="tests.test_forecaster_utils.TestInitializeWindowFeatures" name="test_empty_list_raises_error" file="tests/test_forecaster_utils.py" line="53" time="0.000" /><testcase classname="tests.test_forecaster_utils.TestInitializeWindowFeatures" name="test_invalid_window_feature_missing_attributes" file="tests/test_forecaster_utils.py" line="58" time="0.000" /><testcase classname="tests.test_forecaster_utils.TestInitializeWindowFeatures" name="test_invalid_window_sizes_type" file="tests/test_forecaster_utils.py" line="69" time="0.000" /><testcase classname="tests.test_forecaster_utils.TestInitializeWindowFeatures" name="test_duplicate_feature_names_raises_error" file="tests/test_forecaster_utils.py" line="85" time="0.000" /><testcase classname="tests.test_forecaster_utils.TestCheckExtractValuesAndIndex" name="test_extract_from_series_with_datetime_index" file="tests/test_forecaster_utils.py" line="117" time="0.000" /><testcase classname="tests.test_forecaster_utils.TestCheckExtractValuesAndIndex" name="test_extract_from_dataframe" file="tests/test_forecaster_utils.py" line="129" time="0.000" /><testcase classname="tests.test_forecaster_utils.TestCheckExtractValuesAndIndex" name="test_extract_with_range_index" file="tests/test_forecaster_utils.py" line="142" time="0.000" /><testcase classname="tests.test_forecaster_utils.TestCheckExtractValuesAndIndex" name="test_return_values_false" file="tests/test_forecaster_utils.py" line="151" time="0.000" /><testcase classname="tests.test_forecaster_utils.TestCheckExtractValuesAndIndex" name="test_invalid_input_type_raises_error" file="tests/test_forecaster_utils.py" line="161" time="0.000" /><testcase classname="tests.test_forecaster_utils.TestCheckExtractValuesAndIndex" name="test_invalid_index_type_raises_error" file="tests/test_forecaster_utils.py" line="166" time="0.000" /><testcase classname="tests.test_forecaster_utils.TestCheckExtractValuesAndIndex" name="test_datetime_index_without_freq_warning" file="tests/test_forecaster_utils.py" line="175" time="0.001" /><testcase classname="tests.test_forecaster_utils.TestCheckExtractValuesAndIndex" name="test_ignore_freq_parameter" file="tests/test_forecaster_utils.py" line="186" time="0.000" /><testcase classname="tests.test_forecaster_utils.TestGetStyleReprHtml" name="test_returns_tuple" file="tests/test_forecaster_utils.py" line="200" time="0.000" /><testcase classname="tests.test_forecaster_utils.TestGetStyleReprHtml" name="test_unique_id_length" file="tests/test_forecaster_utils.py" line="207" time="0.000" /><testcase classname="tests.test_forecaster_utils.TestGetStyleReprHtml" name="test_style_contains_css" file="tests/test_forecaster_utils.py" line="213" time="0.000" /><testcase classname="tests.test_forecaster_utils.TestGetStyleReprHtml" name="test_unique_ids_are_different" file="tests/test_forecaster_utils.py" line="222" time="0.000" /><testcase classname="tests.test_forecaster_utils.TestGetStyleReprHtml" name="test_fitted_parameter" file="tests/test_forecaster_utils.py" line="229" time="0.000" /><testcase classname="tests.test_forecaster_utils.TestCheckResidualsInput" name="test_valid_in_sample_residuals" file="tests/test_forecaster_utils.py" line="242" time="0.000" /><testcase classname="tests.test_forecaster_utils.TestCheckResidualsInput" name="test_none_in_sample_residuals_raises_error" file="tests/test_forecaster_utils.py" line="257" time="0.000" /><testcase classname="tests.test_forecaster_utils.TestCheckResidualsInput" name="test_empty_out_sample_residuals_raises_error" file="tests/test_forecaster_utils.py" line="270" time="0.000" /><testcase classname="tests.test_forecaster_utils.TestDateToIndexPosition" name="test_integer_input_returns_same" file="tests/test_forecaster_utils.py" line="287" time="0.000" /><testcase classname="tests.test_forecaster_utils.TestDateToIndexPosition" name="test_invalid_method_raises_error" file="tests/test_forecaster_utils.py" line="294" time="0.000" /><testcase classname="tests.test_forecaster_utils.TestPredictMultivariate" name="test_predict_multivariate_works" file="tests/test_forecaster_utils.py" line="305" time="0.000" /><testcase classname="tests.test_generate_holiday" name="test_create_holiday_df_christmas" file="tests/test_generate_holiday.py" line="4" time="0.001" /><testcase classname="tests.test_generate_holiday" name="test_hourly_frequency" file="tests/test_generate_holiday.py" line="26" time="0.001" /><testcase classname="tests.test_generate_holiday" name="test_timezone_handling" file="tests/test_generate_holiday.py" line="36" time="0.002" /><testcase classname="tests.test_generate_holiday" name="test_inferred_timezone" file="tests/test_generate_holiday.py" line="46" time="0.002" /><testcase classname="tests.test_generate_holiday" name="test_empty_range" file="tests/test_generate_holiday.py" line="56" time="0.001" /><testcase classname="tests.test_get_missing_weights.TestGetMissingWeights" name="test_basic_functionality_no_missing" file="tests/test_get_missing_weights.py" line="32" time="0.002" /><testcase classname="tests.test_get_missing_weights.TestGetMissingWeights" name="test_single_gap_creates_missing_mask" file="tests/test_get_missing_weights.py" line="51" time="0.002" /><testcase classname="tests.test_get_missing_weights.TestGetMissingWeights" name="test_data_imputation_ffill_bfill" file="tests/test_get_missing_weights.py" line="66" time="0.001" /><testcase classname="tests.test_get_missing_weights.TestGetMissingWeights" name="test_window_size_validation" file="tests/test_get_missing_weights.py" line="86" time="0.000" /><testcase classname="tests.test_get_missing_weights.TestGetMissingWeights" name="test_empty_data_validation" file="tests/test_get_missing_weights.py" line="95" time="0.000" /><testcase classname="tests.test_get_missing_weights.TestGetMissingWeights" name="test_window_size_zero_validation" file="tests/test_get_missing_weights.py" line="102" time="0.000" /><testcase classname="tests.test_get_missing_weights.TestGetMissingWeights" name="test_multiple_gaps" file="tests/test_get_missing_weights.py" line="110" time="0.001" /><testcase classname="tests.test_get_missing_weights.TestGetMissingWeights" name="test_verbose_output" file="tests/test_get_missing_weights.py" line="124" time="0.002" /><testcase classname="tests.test_get_missing_weights.TestGetMissingWeights" name="test_return_types" file="tests/test_get_missing_weights.py" line="135" time="0.001" /><testcase classname="tests.test_get_missing_weights.TestGetMissingWeights" name="test_missing_mask_boolean" file="tests/test_get_missing_weights.py" line="148" time="0.001" /><testcase classname="tests.test_get_missing_weights.TestGetMissingWeights" name="test_edge_case_single_row_fails" file="tests/test_get_missing_weights.py" line="159" time="0.000" /><testcase classname="tests.test_get_missing_weights.TestGetMissingWeights" name="test_edge_case_minimal_valid" file="tests/test_get_missing_weights.py" line="168" time="0.001" /><testcase classname="tests.test_get_missing_weights.TestGetMissingWeights" name="test_data_shape_preservation" file="tests/test_get_missing_weights.py" line="180" time="0.001" /><testcase classname="tests.test_get_missing_weights.TestGetMissingWeights" name="test_index_preservation" file="tests/test_get_missing_weights.py" line="192" time="0.001" /><testcase classname="tests.test_get_missing_weights.TestCustomWeights" name="test_custom_weights_with_valid_index" file="tests/test_get_missing_weights.py" line="207" time="0.000" /><testcase classname="tests.test_get_missing_weights.TestCustomWeights" name="test_custom_weights_with_pd_index" file="tests/test_get_missing_weights.py" line="217" time="0.001" /><testcase classname="tests.test_get_missing_weights.TestCustomWeights" name="test_custom_weights_invalid_scalar_index" file="tests/test_get_missing_weights.py" line="228" time="0.001" /><testcase classname="tests.test_get_missing_weights.TestCustomWeights" name="test_custom_weights_invalid_pd_index" file="tests/test_get_missing_weights.py" line="238" time="0.000" /><testcase classname="tests.test_get_missing_weights.TestCustomWeights" name="test_custom_weights_mixed_index" file="tests/test_get_missing_weights.py" line="248" time="0.000" /><testcase classname="tests.test_get_missing_weights.TestIntegrationWithForecaster" name="test_weight_func_with_missing_weights_typical_use" file="tests/test_get_missing_weights.py" line="265" time="0.001" /><testcase classname="tests.test_get_missing_weights.TestIntegrationWithForecaster" name="test_weight_func_preserves_value_distribution" file="tests/test_get_missing_weights.py" line="290" time="0.001" /><testcase classname="tests.test_imputation" name="test_get_missing_weights_empty_raises" file="tests/test_imputation.py" line="12" time="0.000" /><testcase classname="tests.test_imputation" name="test_get_missing_weights_invalid_window_size" file="tests/test_imputation.py" line="18" time="0.000" /><testcase classname="tests.test_imputation" name="test_get_missing_weights_fills_and_returns_series" file="tests/test_imputation.py" line="26" time="0.001" /><testcase classname="tests.test_imputation" name="test_custom_weights_returns_values_for_index" file="tests/test_imputation.py" line="41" time="0.001" /><testcase classname="tests.test_imputation" name="test_custom_weights_raises_for_missing_index" file="tests/test_imputation.py" line="51" time="0.001" /><testcase classname="tests.test_linear_interpolate_ts" name="test_linear_interpolate_ts_series" file="tests/test_linear_interpolate_ts.py" line="8" time="0.001" /><testcase classname="tests.test_linear_interpolate_ts" name="test_linear_interpolate_ts_dataframe" file="tests/test_linear_interpolate_ts.py" line="19" time="0.001" /><testcase classname="tests.test_linear_interpolate_ts" name="test_linear_interpolate_ts_docstring_example" file="tests/test_linear_interpolate_ts.py" line="32" time="0.000" /><testcase classname="tests.test_linear_interpolate_ts" name="test_linear_interpolate_ts_no_nan" file="tests/test_linear_interpolate_ts.py" line="47" time="0.000" /><testcase classname="tests.test_manager_predictor.TestPredictor" name="test_get_model_prediction_exception" file="tests/test_manager_predictor.py" line="43" time="0.002" /><testcase classname="tests.test_manager_predictor.TestPredictor" name="test_get_model_prediction_missing_method" file="tests/test_manager_predictor.py" line="33" time="0.001" /><testcase classname="tests.test_manager_predictor.TestPredictor" name="test_get_model_prediction_no_model" file="tests/test_manager_predictor.py" line="24" time="0.000" /><testcase classname="tests.test_manager_predictor.TestPredictor" name="test_get_model_prediction_success" file="tests/test_manager_predictor.py" line="11" time="0.001" /><testcase classname="tests.test_manager_trainer.TestTrainer" name="test_get_last_model" file="tests/test_manager_trainer.py" line="76" time="0.001" /><testcase classname="tests.test_manager_trainer.TestTrainer" name="test_get_last_model_not_found" file="tests/test_manager_trainer.py" line="96" time="0.001" /><testcase classname="tests.test_manager_trainer.TestTrainer" name="test_handle_training_force" file="tests/test_manager_trainer.py" line="157" time="0.001" /><testcase classname="tests.test_manager_trainer.TestTrainer" name="test_handle_training_new_model" file="tests/test_manager_trainer.py" line="102" time="0.001" /><testcase classname="tests.test_manager_trainer.TestTrainer" name="test_handle_training_old_model" file="tests/test_manager_trainer.py" line="135" time="0.001" /><testcase classname="tests.test_manager_trainer.TestTrainer" name="test_handle_training_recent_model" file="tests/test_manager_trainer.py" line="121" time="0.001" /><testcase classname="tests.test_manager_trainer.TestTrainer" name="test_train_new_model" file="tests/test_manager_trainer.py" line="25" time="0.003" /><testcase classname="tests.test_manager_trainer.TestTrainer" name="test_train_new_model_empty_data" file="tests/test_manager_trainer.py" line="64" time="0.001" /><testcase classname="tests.test_model_persistence.TestEnsureModelDir" name="test_create_new_directory" file="tests/test_model_persistence.py" line="60" time="0.001" /><testcase classname="tests.test_model_persistence.TestEnsureModelDir" name="test_existing_directory" file="tests/test_model_persistence.py" line="71" time="0.000" /><testcase classname="tests.test_model_persistence.TestEnsureModelDir" name="test_nested_directory_creation" file="tests/test_model_persistence.py" line="79" time="0.001" /><testcase classname="tests.test_model_persistence.TestEnsureModelDir" name="test_string_path_input" file="tests/test_model_persistence.py" line="90" time="0.000" /><testcase classname="tests.test_model_persistence.TestGetModelFilepath" name="test_correct_filepath_format" file="tests/test_model_persistence.py" line="107" time="0.000" /><testcase classname="tests.test_model_persistence.TestGetModelFilepath" name="test_multiple_targets" file="tests/test_model_persistence.py" line="115" time="0.000" /><testcase classname="tests.test_model_persistence.TestGetModelFilepath" name="test_filepath_uniqueness" file="tests/test_model_persistence.py" line="124" time="0.000" /><testcase classname="tests.test_model_persistence.TestGetModelFilepath" name="test_special_characters_in_target" file="tests/test_model_persistence.py" line="131" time="0.001" /><testcase classname="tests.test_model_persistence.TestSaveForecasters" name="test_save_single_forecaster" file="tests/test_model_persistence.py" line="146" time="0.001" /><testcase classname="tests.test_model_persistence.TestSaveForecasters" name="test_save_multiple_forecasters" file="tests/test_model_persistence.py" line="158" time="0.001" /><testcase classname="tests.test_model_persistence.TestSaveForecasters" name="test_directory_creation" file="tests/test_model_persistence.py" line="169" time="0.001" /><testcase classname="tests.test_model_persistence.TestSaveForecasters" name="test_save_returns_valid_paths" file="tests/test_model_persistence.py" line="179" time="0.001" /><testcase classname="tests.test_model_persistence.TestSaveForecasters" name="test_overwrite_existing_models" file="tests/test_model_persistence.py" line="190" time="0.001" /><testcase classname="tests.test_model_persistence.TestSaveForecasters" name="test_verbose_output" file="tests/test_model_persistence.py" line="205" time="0.001" /><testcase classname="tests.test_model_persistence.TestSaveForecasters" name="test_save_failure_handling" file="tests/test_model_persistence.py" line="215" time="0.001" /><testcase classname="tests.test_model_persistence.TestSaveForecasters" name="test_save_string_path" file="tests/test_model_persistence.py" line="223" time="0.001" /><testcase classname="tests.test_model_persistence.TestLoadForecasters" name="test_load_single_forecaster" file="tests/test_model_persistence.py" line="243" time="0.001" /><testcase classname="tests.test_model_persistence.TestLoadForecasters" name="test_load_multiple_forecasters" file="tests/test_model_persistence.py" line="263" time="0.001" /><testcase classname="tests.test_model_persistence.TestLoadForecasters" name="test_load_missing_models" file="tests/test_model_persistence.py" line="284" time="0.000" /><testcase classname="tests.test_model_persistence.TestLoadForecasters" name="test_load_partial_models" file="tests/test_model_persistence.py" line="295" time="0.001" /><testcase classname="tests.test_model_persistence.TestLoadForecasters" name="test_load_nonexistent_directory" file="tests/test_model_persistence.py" line="314" time="0.000" /><testcase classname="tests.test_model_persistence.TestLoadForecasters" name="test_verbose_output" file="tests/test_model_persistence.py" line="325" time="0.001" /><testcase classname="tests.test_model_persistence.TestLoadForecasters" name="test_empty_target_list" file="tests/test_model_persistence.py" line="340" time="0.000" /><testcase classname="tests.test_model_persistence.TestLoadForecasters" name="test_string_path_input" file="tests/test_model_persistence.py" line="351" time="0.001" /><testcase classname="tests.test_model_persistence.TestModelDirectoryExists" name="test_directory_exists" file="tests/test_model_persistence.py" line="377" time="0.000" /><testcase classname="tests.test_model_persistence.TestModelDirectoryExists" name="test_directory_not_exists" file="tests/test_model_persistence.py" line="381" time="0.000" /><testcase classname="tests.test_model_persistence.TestModelDirectoryExists" name="test_string_path" file="tests/test_model_persistence.py" line="386" time="0.000" /><testcase classname="tests.test_model_persistence.TestModelDirectoryExists" name="test_file_path" file="tests/test_model_persistence.py" line="390" time="0.000" /><testcase classname="tests.test_model_persistence.TestModelPersistenceIntegration" name="test_save_and_load_cycle" file="tests/test_model_persistence.py" line="411" time="0.001" /><testcase classname="tests.test_model_persistence.TestModelPersistenceIntegration" name="test_selective_model_training" file="tests/test_model_persistence.py" line="437" time="0.001" /><testcase classname="tests.test_model_persistence.TestModelPersistenceIntegration" name="test_concurrent_model_access" file="tests/test_model_persistence.py" line="458" time="0.001" /><testcase classname="tests.test_model_persistence.TestEdgeCases" name="test_special_characters_in_path" file="tests/test_model_persistence.py" line="492" time="0.000" /><testcase classname="tests.test_model_persistence.TestEdgeCases" name="test_very_long_target_name" file="tests/test_model_persistence.py" line="499" time="0.001" /><testcase classname="tests.test_model_persistence.TestEdgeCases" name="test_large_number_of_models" file="tests/test_model_persistence.py" line="506" time="0.002" /><testcase classname="tests.test_model_persistence.TestEdgeCases" name="test_unicode_target_names" file="tests/test_model_persistence.py" line="526" time="0.001" /><testcase classname="tests.test_n2n_persistence_integration.TestModelDirParameter" name="test_model_dir_creation" file="tests/test_n2n_persistence_integration.py" line="33" time="0.001" /><testcase classname="tests.test_n2n_persistence_integration.TestModelDirParameter" name="test_model_dir_string_path" file="tests/test_n2n_persistence_integration.py" line="43" time="0.000" /><testcase classname="tests.test_n2n_persistence_integration.TestModelDirParameter" name="test_model_dir_default_value" file="tests/test_n2n_persistence_integration.py" line="53" time="0.000" /><testcase classname="tests.test_n2n_persistence_integration.TestForceTrainParameter" name="test_force_train_parameter_exists" file="tests/test_n2n_persistence_integration.py" line="75" time="0.000" /><testcase classname="tests.test_n2n_persistence_integration.TestForceTrainParameter" name="test_force_train_default_is_true" file="tests/test_n2n_persistence_integration.py" line="86" time="0.000" /><testcase classname="tests.test_n2n_persistence_integration.TestModelCachingBehavior" name="test_can_load_and_save_forecasters" file="tests/test_n2n_persistence_integration.py" line="106" time="0.000" /><testcase classname="tests.test_n2n_persistence_integration.TestModelCachingBehavior" name="test_model_directory_management" file="tests/test_n2n_persistence_integration.py" line="122" time="0.000" /><testcase classname="tests.test_n2n_persistence_integration.TestPersistenceFunctions" name="test_save_forecasters_with_patch" file="tests/test_n2n_persistence_integration.py" line="144" time="0.001" /><testcase classname="tests.test_n2n_persistence_integration.TestPersistenceFunctions" name="test_load_forecasters_with_patch" file="tests/test_n2n_persistence_integration.py" line="161" time="0.001" /><testcase classname="tests.test_n2n_persistence_integration.TestPersistenceFunctions" name="test_filepath_generation" file="tests/test_n2n_persistence_integration.py" line="183" time="0.000" /><testcase classname="tests.test_n2n_persistence_integration.TestFunctionDocumentation" name="test_n2n_predict_docstring_mentions_persistence" file="tests/test_n2n_persistence_integration.py" line="200" time="0.000" /><testcase classname="tests.test_n2n_persistence_integration.TestFunctionDocumentation" name="test_persistence_functions_have_docstrings" file="tests/test_n2n_persistence_integration.py" line="210" time="0.000" /><testcase classname="tests.test_n2n_predict_persistence.TestEnsureModelDir" name="test_create_new_directory" file="tests/test_n2n_predict_persistence.py" line="33" time="0.001" /><testcase classname="tests.test_n2n_predict_persistence.TestEnsureModelDir" name="test_existing_directory" file="tests/test_n2n_predict_persistence.py" line="44" time="0.000" /><testcase classname="tests.test_n2n_predict_persistence.TestEnsureModelDir" name="test_nested_directory_creation" file="tests/test_n2n_predict_persistence.py" line="52" time="0.001" /><testcase classname="tests.test_n2n_predict_persistence.TestEnsureModelDir" name="test_string_path_input" file="tests/test_n2n_predict_persistence.py" line="61" time="0.000" /><testcase classname="tests.test_n2n_predict_persistence.TestGetModelFilepath" name="test_correct_filepath_format" file="tests/test_n2n_predict_persistence.py" line="79" time="0.000" /><testcase classname="tests.test_n2n_predict_persistence.TestGetModelFilepath" name="test_multiple_targets" file="tests/test_n2n_predict_persistence.py" line="87" time="0.000" /><testcase classname="tests.test_n2n_predict_persistence.TestGetModelFilepath" name="test_filepath_uniqueness" file="tests/test_n2n_predict_persistence.py" line="97" time="0.000" /><testcase classname="tests.test_n2n_predict_persistence.TestGetModelFilepath" name="test_special_characters_in_target" file="tests/test_n2n_predict_persistence.py" line="105" time="0.000" /><testcase classname="tests.test_n2n_predict_persistence.TestSaveForecasters" name="test_save_single_forecaster" file="tests/test_n2n_predict_persistence.py" line="122" time="0.001" /><testcase classname="tests.test_n2n_predict_persistence.TestSaveForecasters" name="test_save_multiple_forecasters" file="tests/test_n2n_predict_persistence.py" line="137" time="0.001" /><testcase classname="tests.test_n2n_predict_persistence.TestSaveForecasters" name="test_directory_creation" file="tests/test_n2n_predict_persistence.py" line="155" time="0.001" /><testcase classname="tests.test_n2n_predict_persistence.TestSaveForecasters" name="test_save_returns_valid_paths" file="tests/test_n2n_predict_persistence.py" line="171" time="0.001" /><testcase classname="tests.test_n2n_predict_persistence.TestSaveForecasters" name="test_overwrite_existing_models" file="tests/test_n2n_predict_persistence.py" line="185" time="0.001" /><testcase classname="tests.test_n2n_predict_persistence.TestSaveForecasters" name="test_verbose_output" file="tests/test_n2n_predict_persistence.py" line="204" time="0.001" /><testcase classname="tests.test_n2n_predict_persistence.TestSaveForecasters" name="test_save_failure_handling" file="tests/test_n2n_predict_persistence.py" line="219" time="0.000" /><testcase classname="tests.test_n2n_predict_persistence.TestSaveForecasters" name="test_save_string_path" file="tests/test_n2n_predict_persistence.py" line="234" time="0.001" /><testcase classname="tests.test_n2n_predict_persistence.TestLoadForecasters" name="test_load_single_forecaster" file="tests/test_n2n_predict_persistence.py" line="257" time="0.001" /><testcase classname="tests.test_n2n_predict_persistence.TestLoadForecasters" name="test_load_multiple_forecasters" file="tests/test_n2n_predict_persistence.py" line="275" time="0.001" /><testcase classname="tests.test_n2n_predict_persistence.TestLoadForecasters" name="test_load_missing_models" file="tests/test_n2n_predict_persistence.py" line="300" time="0.000" /><testcase classname="tests.test_n2n_predict_persistence.TestLoadForecasters" name="test_load_partial_models" file="tests/test_n2n_predict_persistence.py" line="314" time="0.001" /><testcase classname="tests.test_n2n_predict_persistence.TestLoadForecasters" name="test_load_nonexistent_directory" file="tests/test_n2n_predict_persistence.py" line="335" time="0.000" /><testcase classname="tests.test_n2n_predict_persistence.TestLoadForecasters" name="test_verbose_output" file="tests/test_n2n_predict_persistence.py" line="349" time="0.002" /><testcase classname="tests.test_n2n_predict_persistence.TestLoadForecasters" name="test_empty_target_list" file="tests/test_n2n_predict_persistence.py" line="368" time="0.000" /><testcase classname="tests.test_n2n_predict_persistence.TestLoadForecasters" name="test_string_path_input" file="tests/test_n2n_predict_persistence.py" line="381" time="0.000" /><testcase classname="tests.test_n2n_predict_persistence.TestModelDirectoryExists" name="test_directory_exists" file="tests/test_n2n_predict_persistence.py" line="404" time="0.000" /><testcase classname="tests.test_n2n_predict_persistence.TestModelDirectoryExists" name="test_directory_not_exists" file="tests/test_n2n_predict_persistence.py" line="410" time="0.000" /><testcase classname="tests.test_n2n_predict_persistence.TestModelDirectoryExists" name="test_string_path" file="tests/test_n2n_predict_persistence.py" line="417" time="0.000" /><testcase classname="tests.test_n2n_predict_persistence.TestModelDirectoryExists" name="test_file_path" file="tests/test_n2n_predict_persistence.py" line="423" time="0.000" /><testcase classname="tests.test_n2n_predict_persistence.TestModelPersistenceIntegration" name="test_save_and_load_cycle" file="tests/test_n2n_predict_persistence.py" line="443" time="0.001" /><testcase classname="tests.test_n2n_predict_persistence.TestModelPersistenceIntegration" name="test_selective_model_training" file="tests/test_n2n_predict_persistence.py" line="464" time="0.001" /><testcase classname="tests.test_n2n_predict_persistence.TestModelPersistenceIntegration" name="test_concurrent_model_access" file="tests/test_n2n_predict_persistence.py" line="487" time="0.003" /><testcase classname="tests.test_n2n_predict_persistence.TestEdgeCases" name="test_special_characters_in_path" file="tests/test_n2n_predict_persistence.py" line="510" time="0.000" /><testcase classname="tests.test_n2n_predict_persistence.TestEdgeCases" name="test_very_long_target_name" file="tests/test_n2n_predict_persistence.py" line="518" time="0.000" /><testcase classname="tests.test_n2n_predict_persistence.TestEdgeCases" name="test_large_number_of_models" file="tests/test_n2n_predict_persistence.py" line="526" time="0.005" /><testcase classname="tests.test_n2n_predict_persistence.TestEdgeCases" name="test_unicode_target_names" file="tests/test_n2n_predict_persistence.py" line="537" time="0.000" /><testcase classname="tests.test_n2n_predict_persistence.TestFunctionDocumentation" name="test_n2n_predict_docstring_mentions_persistence" file="tests/test_n2n_predict_persistence.py" line="554" time="0.000" /><testcase classname="tests.test_n2n_predict_persistence.TestFunctionDocumentation" name="test_persistence_functions_have_docstrings" file="tests/test_n2n_predict_persistence.py" line="562" time="0.000" /><testcase classname="tests.test_n2n_predict_with_covariates.TestHelperFunctions" name="test_get_calendar_features" file="tests/test_n2n_predict_with_covariates.py" line="62" time="0.005" /><testcase classname="tests.test_n2n_predict_with_covariates.TestHelperFunctions" name="test_get_calendar_features_custom" file="tests/test_n2n_predict_with_covariates.py" line="80" time="0.002" /><testcase classname="tests.test_n2n_predict_with_covariates.TestHelperFunctions" name="test_get_day_night_features" file="tests/test_n2n_predict_with_covariates.py" line="96" time="0.003" /><testcase classname="tests.test_n2n_predict_with_covariates.TestHelperFunctions" name="test_apply_cyclical_encoding" file="tests/test_n2n_predict_with_covariates.py" line="122" time="0.004" /><testcase classname="tests.test_n2n_predict_with_covariates.TestHelperFunctions" name="test_create_interaction_features" file="tests/test_n2n_predict_with_covariates.py" line="147" time="0.004" /><testcase classname="tests.test_n2n_predict_with_covariates.TestHelperFunctions" name="test_select_exogenous_features" file="tests/test_n2n_predict_with_covariates.py" line="167" time="0.002" /><testcase classname="tests.test_n2n_predict_with_covariates.TestHelperFunctions" name="test_merge_data_and_covariates" file="tests/test_n2n_predict_with_covariates.py" line="187" time="0.003" /><testcase classname="tests.test_n2n_predict_with_covariates.TestMainFunction" name="test_parameter_validation" file="tests/test_n2n_predict_with_covariates.py" line="215" time="0.001" /><testcase classname="tests.test_n2n_predict_with_covariates.TestEdgeCases" name="test_calendar_features_string_timestamps" file="tests/test_n2n_predict_with_covariates.py" line="237" time="0.003" /><testcase classname="tests.test_n2n_predict_with_covariates.TestEdgeCases" name="test_cyclical_encoding_missing_features" file="tests/test_n2n_predict_with_covariates.py" line="247" time="0.004" /><testcase classname="tests.test_n2n_predict_with_covariates.TestEdgeCases" name="test_select_features_empty_regex" file="tests/test_n2n_predict_with_covariates.py" line="269" time="0.001" /><testcase classname="tests.test_n2n_predict_with_covariates.TestEdgeCases" name="test_merge_data_preserves_dtype" file="tests/test_n2n_predict_with_covariates.py" line="283" time="0.002" /><testcase classname="tests.test_n2n_predict_with_covariates.TestEdgeCases" name="test_merge_data_no_cast" file="tests/test_n2n_predict_with_covariates.py" line="299" time="0.002" /><testcase classname="tests.test_n2n_predict_with_covariates.TestIntegration" name="test_feature_creation_pipeline" file="tests/test_n2n_predict_with_covariates.py" line="320" time="0.007" /><testcase classname="tests.test_n2n_predict_with_covariates.TestIntegration" name="test_timestamp_format_flexibility" file="tests/test_n2n_predict_with_covariates.py" line="348" time="0.007" /><testcase classname="tests.test_outlier" name="test_mark_outliers_marks_first_row_nan" file="tests/test_outlier.py" line="22" time="0.001" /><testcase classname="tests.test_outlier" name="test_mark_outliers_verbose_prints" file="tests/test_outlier.py" line="55" time="0.001" /><testcase classname="tests.test_outlier" name="test_mark_outliers_returns_last_column_labels" file="tests/test_outlier.py" line="71" time="0.001" /><testcase classname="tests.test_outlier" name="test_mark_outliers_raises_on_non_dataframe" file="tests/test_outlier.py" line="100" time="0.000" /><testcase classname="tests.test_outlier" name="test_manual_outlier_removal_both_thresholds" file="tests/test_outlier.py" line="105" time="0.001" /><testcase classname="tests.test_outlier" name="test_manual_outlier_removal_lower_only" file="tests/test_outlier.py" line="121" time="0.001" /><testcase classname="tests.test_outlier" name="test_manual_outlier_removal_upper_only" file="tests/test_outlier.py" line="137" time="0.000" /><testcase classname="tests.test_outlier" name="test_manual_outlier_removal_no_thresholds_verbose" file="tests/test_outlier.py" line="153" time="0.000" /><testcase classname="tests.test_period" name="test_period_instantiation" file="tests/test_period.py" line="4" time="0.000" /><testcase classname="tests.test_period" name="test_period_invalid_n_periods" file="tests/test_period.py" line="13" time="0.000" /><testcase classname="tests.test_period" name="test_period_invalid_input_range" file="tests/test_period.py" line="22" time="0.000" /><testcase classname="tests.test_period" name="test_period_docstring_example" file="tests/test_period.py" line="35" time="0.000" /><testcase classname="tests.test_predict_interval" name="test_predict_interval" file="tests/test_predict_interval.py" line="6" time="0.014" /><testcase classname="tests.test_predict_multivariate" name="test_predict_multivariate_recursive" file="tests/test_predict_multivariate.py" line="8" time="0.007" /><testcase classname="tests.test_predict_multivariate" name="test_predict_multivariate_single_target" file="tests/test_predict_multivariate.py" line="32" time="0.003" /><testcase classname="tests.test_predict_multivariate" name="test_predict_multivariate_empty_dict" file="tests/test_predict_multivariate.py" line="47" time="0.000" /><testcase classname="tests.test_predict_multivariate" name="test_predict_multivariate_mismatched_index" file="tests/test_predict_multivariate.py" line="56" time="0.006" /><testcase classname="tests.test_predict_multivariate" name="test_predict_multivariate_zero_steps" file="tests/test_predict_multivariate.py" line="86" time="0.002" /><testcase classname="tests.test_repeating_basis_function" name="test_rbf_transform_dataframe" file="tests/test_repeating_basis_function.py" line="8" time="0.000" /><testcase classname="tests.test_repeating_basis_function" name="test_rbf_transform_series" file="tests/test_repeating_basis_function.py" line="23" time="0.000" /><testcase classname="tests.test_repeating_basis_function" name="test_rbf_missing_column" file="tests/test_repeating_basis_function.py" line="32" time="0.000" /><testcase classname="tests.test_repeating_basis_function" name="test_rbf_docstring_example" file="tests/test_repeating_basis_function.py" line="41" time="0.000" /><testcase classname="tests.test_repeating_basis_function" name="test_rbf_periodicity" file="tests/test_repeating_basis_function.py" line="56" time="0.001" /><testcase classname="tests.test_select_n_jobs_fit_forecaster" name="test_select_n_jobs_fit_forecaster_returns_int" file="tests/test_select_n_jobs_fit_forecaster.py" line="4" time="0.000" /><testcase classname="tests.test_select_n_jobs_fit_forecaster" name="test_select_n_jobs_fit_forecaster_with_mocked_cpu_count" file="tests/test_select_n_jobs_fit_forecaster.py" line="13" time="0.000" /><testcase classname="tests.test_select_n_jobs_fit_forecaster" name="test_select_n_jobs_fit_forecaster_arguments_ignored" file="tests/test_select_n_jobs_fit_forecaster.py" line="31" time="0.000" /><testcase classname="tests.test_split" name="test_split_abs_train_val_test_basic" file="tests/test_split.py" line="14" time="0.001" /><testcase classname="tests.test_split" name="test_split_rel_train_val_test_basic_sizes" file="tests/test_split.py" line="37" time="0.000" /><testcase classname="tests.test_split" name="test_split_rel_train_val_test_rounding_safe" file="tests/test_split.py" line="50" time="0.001" /><testcase classname="tests.test_split" name="test_split_rel_train_val_test_invalid_percentages" file="tests/test_split.py" line="63" time="0.001" /><testcase classname="tests.test_split" name="test_split_rel_train_val_test_empty_data" file="tests/test_split.py" line="76" time="0.000" /><testcase classname="tests.test_split" name="test_split_rel_train_val_test_all_train" file="tests/test_split.py" line="82" time="0.000" /><testcase classname="tests.test_split" name="test_split_rel_train_val_test_all_val" file="tests/test_split.py" line="94" time="0.000" /><testcase classname="tests.test_split" name="test_split_rel_train_val_test_all_test" file="tests/test_split.py" line="106" time="0.000" /><testcase classname="tests.test_split" name="test_split_rel_train_val_test_empty_splits" file="tests/test_split.py" line="118" time="0.001" /><testcase classname="tests.test_split_base_examples" name="test_validate_params_example" file="tests/test_split_base_examples.py" line="6" time="0.000" /><testcase classname="tests.test_split_ts_cv_examples" name="test_repr_example" file="tests/test_split_ts_cv_examples.py" line="6" time="0.000" /><testcase classname="tests.test_task_safe_demo.TestDemoConfig" name="test_default_config_initialization" file="tests/test_task_safe_demo.py" line="18" time="0.000" /><testcase classname="tests.test_task_safe_demo.TestDemoConfig" name="test_config_weights_length" file="tests/test_task_safe_demo.py" line="38" time="0.000" /><testcase classname="tests.test_task_safe_demo.TestCalculateMetrics" name="test_calculate_metrics_perfect_prediction" file="tests/test_task_safe_demo.py" line="49" time="0.000" /><testcase classname="tests.test_task_safe_demo.TestCalculateMetrics" name="test_calculate_metrics_constant_offset" file="tests/test_task_safe_demo.py" line="61" time="0.000" /><testcase classname="tests.test_task_safe_demo.TestCalculateMetrics" name="test_calculate_metrics_nan_handling" file="tests/test_task_safe_demo.py" line="73" time="0.000" /><testcase classname="tests.test_task_safe_demo.TestLogging" name="test_logging_setup_creates_logger" file="tests/test_task_safe_demo.py" line="90" time="0.000" /><testcase classname="tests.test_task_safe_demo.TestLogging" name="test_logging_handler_formatting" file="tests/test_task_safe_demo.py" line="112" time="0.000" /><testcase classname="tests.test_task_safe_demo.TestBooleanParsing" name="test_parse_bool_true_variants" file="tests/test_task_safe_demo.py" line="135" time="0.000" /><testcase classname="tests.test_task_safe_demo.TestBooleanParsing" name="test_parse_bool_false_variants" file="tests/test_task_safe_demo.py" line="150" time="0.000" /><testcase classname="tests.test_task_safe_demo.TestBooleanParsing" name="test_parse_bool_invalid_value" file="tests/test_task_safe_demo.py" line="165" time="0.000" /><testcase classname="tests.test_task_safe_demo.TestAggregatePredict" name="test_agg_predict_with_weights" file="tests/test_task_safe_demo.py" line="183" time="0.001" /><testcase classname="tests.test_task_safe_demo.TestAggregatePredict" name="test_agg_predict_handles_negative_weights" file="tests/test_task_safe_demo.py" line="203" time="0.001" /><testcase classname="tests.test_task_safe_demo.TestDataValidation" name="test_load_actual_combined_missing_file" file="tests/test_task_safe_demo.py" line="225" time="0.000" /><testcase classname="tests.test_task_safe_demo.TestDataValidation" name="test_load_actual_combined_column_validation" file="tests/test_task_safe_demo.py" line="233" time="0.000" /><testcase classname="tests.test_task_safe_demo.TestForecastingPipeline" name="test_baseline_forecast_structure" file="tests/test_task_safe_demo.py" line="252" time="0.000" /><testcase classname="tests.test_task_safe_demo.TestForecastingPipeline" name="test_covariate_forecast_with_exogenous" file="tests/test_task_safe_demo.py" line="264" time="0.000" /><testcase classname="tests.test_task_safe_demo.TestForecastingPipeline" name="test_custom_estimator_initialization" file="tests/test_task_safe_demo.py" line="281" time="0.000" /><testcase classname="tests.test_task_safe_demo.TestIndexAlignment" name="test_index_alignment_baseline_vs_covariate" file="tests/test_task_safe_demo.py" line="303" time="0.000" /><testcase classname="tests.test_task_safe_demo.TestIndexAlignment" name="test_reindex_with_missing_values" file="tests/test_task_safe_demo.py" line="312" time="0.001" /><testcase classname="tests.test_task_safe_demo.TestErrorHandling" name="test_missing_ground_truth_handling" file="tests/test_task_safe_demo.py" line="329" time="0.000" /><testcase classname="tests.test_task_safe_demo.TestErrorHandling" name="test_invalid_forecast_horizon" file="tests/test_task_safe_demo.py" line="337" time="0.000" /><testcase classname="tests.test_task_safe_demo.TestMemoryAndPerformance" name="test_large_series_memory_efficiency" file="tests/test_task_safe_demo.py" line="359" time="0.001" /><testcase classname="tests.test_task_safe_demo.TestMemoryAndPerformance" name="test_dataframe_column_subset" file="tests/test_task_safe_demo.py" line="366" time="0.001" /><testcase classname="tests.test_task_safe_demo.TestMemoryAndPerformance" name="test_aggregate_without_copy" file="tests/test_task_safe_demo.py" line="375" time="0.000" /><testcase classname="tests.test_task_safe_demo.TestIntegration" name="test_end_to_end_task_structure" file="tests/test_task_safe_demo.py" line="390" time="0.000" /><testcase classname="tests.test_task_safe_demo.TestIntegration" name="test_metric_consistency_across_models" file="tests/test_task_safe_demo.py" line="404" time="0.001" /><testcase classname="tests.test_task_safe_n_to_1_with_covariates.TestCovariateDataPreperation" name="test_weather_covariate_structure" file="tests/test_task_safe_n_to_1_with_covariates.py" line="17" time="0.000" /><testcase classname="tests.test_task_safe_n_to_1_with_covariates.TestCovariateDataPreperation" name="test_holiday_covariate_binary" file="tests/test_task_safe_n_to_1_with_covariates.py" line="35" time="0.000" /><testcase classname="tests.test_task_safe_n_to_1_with_covariates.TestCovariateDataPreperation" name="test_calendar_features_generation" file="tests/test_task_safe_n_to_1_with_covariates.py" line="45" time="0.001" /><testcase classname="tests.test_task_safe_n_to_1_with_covariates.TestCovariateDataPreperation" name="test_cyclic_feature_encoding" file="tests/test_task_safe_n_to_1_with_covariates.py" line="66" time="0.001" /><testcase classname="tests.test_task_safe_n_to_1_with_covariates.TestExogenousVariableValidation" name="test_exog_length_matches_y" file="tests/test_task_safe_n_to_1_with_covariates.py" line="84" time="0.000" /><testcase classname="tests.test_task_safe_n_to_1_with_covariates.TestExogenousVariableValidation" name="test_exog_index_alignment" file="tests/test_task_safe_n_to_1_with_covariates.py" line="100" time="0.000" /><testcase classname="tests.test_task_safe_n_to_1_with_covariates.TestExogenousVariableValidation" name="test_exog_missing_features_detection" file="tests/test_task_safe_n_to_1_with_covariates.py" line="111" time="0.000" /><testcase classname="tests.test_task_safe_n_to_1_with_covariates.TestExogenousVariableValidation" name="test_exog_nan_handling" file="tests/test_task_safe_n_to_1_with_covariates.py" line="121" time="0.001" /><testcase classname="tests.test_task_safe_n_to_1_with_covariates.TestLoggingForCovariates" name="test_setup_logging_creates_logger" file="tests/test_task_safe_n_to_1_with_covariates.py" line="143" time="0.000" /><testcase classname="tests.test_task_safe_n_to_1_with_covariates.TestLoggingForCovariates" name="test_file_logging_timestamp_format" file="tests/test_task_safe_n_to_1_with_covariates.py" line="162" time="0.000" /><testcase classname="tests.test_task_safe_n_to_1_with_covariates.TestNto1ForecastingPipeline" name="test_basic_n_to_1_structure" file="tests/test_task_safe_n_to_1_with_covariates.py" line="175" time="0.000" /><testcase classname="tests.test_task_safe_n_to_1_with_covariates.TestNto1ForecastingPipeline" name="test_recursive_forecaster_initialization" file="tests/test_task_safe_n_to_1_with_covariates.py" line="188" time="0.000" /><testcase classname="tests.test_task_safe_n_to_1_with_covariates.TestNto1ForecastingPipeline" name="test_multioutput_forecasting_setup" file="tests/test_task_safe_n_to_1_with_covariates.py" line="200" time="0.000" /><testcase classname="tests.test_task_safe_n_to_1_with_covariates.TestCovariateFeatureEngineering" name="test_polynomial_features_generation" file="tests/test_task_safe_n_to_1_with_covariates.py" line="213" time="0.000" /><testcase classname="tests.test_task_safe_n_to_1_with_covariates.TestCovariateFeatureEngineering" name="test_lag_feature_creation" file="tests/test_task_safe_n_to_1_with_covariates.py" line="224" time="0.001" /><testcase classname="tests.test_task_safe_n_to_1_with_covariates.TestCovariateFeatureEngineering" name="test_rolling_window_features" file="tests/test_task_safe_n_to_1_with_covariates.py" line="236" time="0.001" /><testcase classname="tests.test_task_safe_n_to_1_with_covariates.TestExogenousIntegration" name="test_exog_matrix_expansion" file="tests/test_task_safe_n_to_1_with_covariates.py" line="252" time="0.000" /><testcase classname="tests.test_task_safe_n_to_1_with_covariates.TestExogenousIntegration" name="test_lag_and_exog_combination" file="tests/test_task_safe_n_to_1_with_covariates.py" line="265" time="0.001" /><testcase classname="tests.test_task_safe_n_to_1_with_covariates.TestPredictionAggregation" name="test_weighted_aggregation_basic" file="tests/test_task_safe_n_to_1_with_covariates.py" line="289" time="0.001" /><testcase classname="tests.test_task_safe_n_to_1_with_covariates.TestPredictionAggregation" name="test_aggregation_with_unequal_weights" file="tests/test_task_safe_n_to_1_with_covariates.py" line="307" time="0.000" /><testcase classname="tests.test_task_safe_n_to_1_with_covariates.TestPredictionAggregation" name="test_aggregation_preserves_temporal_index" file="tests/test_task_safe_n_to_1_with_covariates.py" line="319" time="0.000" /><testcase classname="tests.test_task_safe_n_to_1_with_covariates.TestCovariateTimezone" name="test_timezone_aware_index" file="tests/test_task_safe_n_to_1_with_covariates.py" line="336" time="0.000" /><testcase classname="tests.test_task_safe_n_to_1_with_covariates.TestCovariateTimezone" name="test_timezone_conversion" file="tests/test_task_safe_n_to_1_with_covariates.py" line="345" time="0.001" /><testcase classname="tests.test_task_safe_n_to_1_with_covariates.TestCovariateTimezone" name="test_timezone_consistency_across_variables" file="tests/test_task_safe_n_to_1_with_covariates.py" line="354" time="0.000" /><testcase classname="tests.test_task_safe_n_to_1_with_covariates.TestForcedTraining" name="test_force_train_parameter" file="tests/test_task_safe_n_to_1_with_covariates.py" line="369" time="0.000" /><testcase classname="tests.test_task_safe_n_to_1_with_covariates.TestForcedTraining" name="test_model_directory_creation" file="tests/test_task_safe_n_to_1_with_covariates.py" line="381" time="0.001" /><testcase classname="tests.test_task_safe_n_to_1_with_covariates.TestErrorHandlingCovariates" name="test_missing_exog_detection" file="tests/test_task_safe_n_to_1_with_covariates.py" line="399" time="0.000" /><testcase classname="tests.test_task_safe_n_to_1_with_covariates.TestErrorHandlingCovariates" name="test_misaligned_index_error" file="tests/test_task_safe_n_to_1_with_covariates.py" line="407" time="0.000" /><testcase classname="tests.test_task_safe_n_to_1_with_covariates.TestErrorHandlingCovariates" name="test_invalid_forecast_horizon_detection" file="tests/test_task_safe_n_to_1_with_covariates.py" line="418" time="0.000" /><testcase classname="tests.test_task_safe_n_to_1_with_covariates.TestKwargsFlexibility" name="test_estimator_kwargs_passthrough" file="tests/test_task_safe_n_to_1_with_covariates.py" line="430" time="0.000" /><testcase classname="tests.test_task_safe_n_to_1_with_covariates.TestKwargsFlexibility" name="test_forecaster_kwargs_passthrough" file="tests/test_task_safe_n_to_1_with_covariates.py" line="442" time="0.000" /><testcase classname="tests.test_task_safe_n_to_1_with_covariates.TestKwargsFlexibility" name="test_agg_kwargs_passthrough" file="tests/test_task_safe_n_to_1_with_covariates.py" line="453" time="0.000" /><testcase classname="tests.test_task_safe_n_to_1_with_covariates.TestIntegrationN2N" name="test_end_to_end_pipeline_structure" file="tests/test_task_safe_n_to_1_with_covariates.py" line="467" time="0.000" /><testcase classname="tests.test_task_safe_n_to_1_with_covariates.TestIntegrationN2N" name="test_pipeline_output_consistency" file="tests/test_task_safe_n_to_1_with_covariates.py" line="488" time="0.000" /><testcase classname="tests.test_task_safe_n_to_1_with_covariates.TestIntegrationN2N" name="test_reproducibility_with_seed" file="tests/test_task_safe_n_to_1_with_covariates.py" line="502" time="0.000" /><testcase classname="tests.test_tasks.TestTaskSafeDemo" name="test_main_returns_zero_on_success" file="tests/test_tasks.py" line="16" time="0.008" /><testcase classname="tests.test_tasks.TestTaskSafeN2O1CovDf" name="test_main_returns_zero_on_success" file="tests/test_tasks.py" line="61" time="0.002" /><testcase classname="tests.test_trainer_naming" name="test_handle_training_with_custom_name" file="tests/test_trainer_naming.py" line="22" time="0.003" /><testcase classname="tests.test_validation.TestCheckY" name="test_check_y_valid_series" file="tests/test_validation.py" line="22" time="0.000" /><testcase classname="tests.test_validation.TestCheckY" name="test_check_y_valid_series_with_datetime_index" file="tests/test_validation.py" line="28" time="0.000" /><testcase classname="tests.test_validation.TestCheckY" name="test_check_y_valid_series_with_range_index" file="tests/test_validation.py" line="35" time="0.000" /><testcase classname="tests.test_validation.TestCheckY" name="test_check_y_invalid_type_list" file="tests/test_validation.py" line="41" time="0.000" /><testcase classname="tests.test_validation.TestCheckY" name="test_check_y_invalid_type_numpy_array" file="tests/test_validation.py" line="46" time="0.000" /><testcase classname="tests.test_validation.TestCheckY" name="test_check_y_invalid_type_dataframe" file="tests/test_validation.py" line="51" time="0.000" /><testcase classname="tests.test_validation.TestCheckY" name="test_check_y_invalid_type_dict" file="tests/test_validation.py" line="57" time="0.000" /><testcase classname="tests.test_validation.TestCheckY" name="test_check_y_invalid_type_none" file="tests/test_validation.py" line="62" time="0.000" /><testcase classname="tests.test_validation.TestCheckY" name="test_check_y_with_missing_values_nan" file="tests/test_validation.py" line="67" time="0.000" /><testcase classname="tests.test_validation.TestCheckY" name="test_check_y_with_multiple_missing_values" file="tests/test_validation.py" line="73" time="0.000" /><testcase classname="tests.test_validation.TestCheckY" name="test_check_y_with_all_missing_values" file="tests/test_validation.py" line="79" time="0.000" /><testcase classname="tests.test_validation.TestCheckY" name="test_check_y_custom_series_id" file="tests/test_validation.py" line="85" time="0.000" /><testcase classname="tests.test_validation.TestCheckY" name="test_check_y_custom_series_id_with_nan" file="tests/test_validation.py" line="91" time="0.000" /><testcase classname="tests.test_validation.TestCheckY" name="test_check_y_with_zero_values" file="tests/test_validation.py" line="97" time="0.000" /><testcase classname="tests.test_validation.TestCheckY" name="test_check_y_with_negative_values" file="tests/test_validation.py" line="103" time="0.000" /><testcase classname="tests.test_validation.TestCheckY" name="test_check_y_empty_series" file="tests/test_validation.py" line="109" time="0.000" /><testcase classname="tests.test_validation.TestCheckY" name="test_check_y_single_element_series" file="tests/test_validation.py" line="115" time="0.000" /><testcase classname="tests.test_validation.TestCheckY" name="test_check_y_with_float_values" file="tests/test_validation.py" line="121" time="0.000" /><testcase classname="tests.test_validation.TestCheckY" name="test_check_y_returns_none" file="tests/test_validation.py" line="127" time="0.000" /><testcase classname="tests.test_validation.TestCheckExog" name="test_check_exog_valid_dataframe" file="tests/test_validation.py" line="137" time="0.000" /><testcase classname="tests.test_validation.TestCheckExog" name="test_check_exog_valid_series_with_name" file="tests/test_validation.py" line="143" time="0.000" /><testcase classname="tests.test_validation.TestCheckExog" name="test_check_exog_invalid_series_without_name" file="tests/test_validation.py" line="149" time="0.000" /><testcase classname="tests.test_validation.TestCheckExog" name="test_check_exog_invalid_type_list" file="tests/test_validation.py" line="155" time="0.000" /><testcase classname="tests.test_validation.TestCheckExog" name="test_check_exog_invalid_type_numpy_array" file="tests/test_validation.py" line="160" time="0.000" /><testcase classname="tests.test_validation.TestCheckExog" name="test_check_exog_invalid_type_dict" file="tests/test_validation.py" line="165" time="0.000" /><testcase classname="tests.test_validation.TestCheckExog" name="test_check_exog_with_nan_allow_true" file="tests/test_validation.py" line="170" time="0.000" /><testcase classname="tests.test_validation.TestCheckExog" name="test_check_exog_with_nan_allow_false" file="tests/test_validation.py" line="176" time="0.000" /><testcase classname="tests.test_validation.TestCheckExog" name="test_check_exog_custom_series_id" file="tests/test_validation.py" line="182" time="0.000" /><testcase classname="tests.test_validation.TestCheckExog" name="test_check_exog_empty_dataframe" file="tests/test_validation.py" line="187" time="0.000" /><testcase classname="tests.test_validation.TestCheckExog" name="test_check_exog_returns_none" file="tests/test_validation.py" line="193" time="0.000" /><testcase classname="tests.test_validation.TestGetExogDtypes" name="test_get_exog_dtypes_dataframe" file="tests/test_validation.py" line="203" time="0.001" /><testcase classname="tests.test_validation.TestGetExogDtypes" name="test_get_exog_dtypes_series" file="tests/test_validation.py" line="219" time="0.000" /><testcase classname="tests.test_validation.TestGetExogDtypes" name="test_get_exog_dtypes_mixed_types" file="tests/test_validation.py" line="228" time="0.001" /><testcase classname="tests.test_validation.TestGetExogDtypes" name="test_get_exog_dtypes_single_column_dataframe" file="tests/test_validation.py" line="244" time="0.000" /><testcase classname="tests.test_validation.TestCheckInterval" name="test_check_interval_valid_95_percent" file="tests/test_validation.py" line="256" time="0.000" /><testcase classname="tests.test_validation.TestCheckInterval" name="test_check_interval_valid_90_percent" file="tests/test_validation.py" line="261" time="0.000" /><testcase classname="tests.test_validation.TestCheckInterval" name="test_check_interval_valid_tuple" file="tests/test_validation.py" line="266" time="0.000" /><testcase classname="tests.test_validation.TestCheckInterval" name="test_check_interval_none" file="tests/test_validation.py" line="271" time="0.000" /><testcase classname="tests.test_validation.TestCheckInterval" name="test_check_interval_invalid_type_string" file="tests/test_validation.py" line="276" time="0.000" /><testcase classname="tests.test_validation.TestCheckInterval" name="test_check_interval_invalid_type_dict" file="tests/test_validation.py" line="281" time="0.000" /><testcase classname="tests.test_validation.TestCheckInterval" name="test_check_interval_wrong_length_one_value" file="tests/test_validation.py" line="286" time="0.000" /><testcase classname="tests.test_validation.TestCheckInterval" name="test_check_interval_wrong_length_three_values" file="tests/test_validation.py" line="291" time="0.000" /><testcase classname="tests.test_validation.TestCheckInterval" name="test_check_interval_lower_bound_negative" file="tests/test_validation.py" line="296" time="0.000" /><testcase classname="tests.test_validation.TestCheckInterval" name="test_check_interval_lower_bound_too_high" file="tests/test_validation.py" line="301" time="0.000" /><testcase classname="tests.test_validation.TestCheckInterval" name="test_check_interval_upper_bound_zero" file="tests/test_validation.py" line="306" time="0.000" /><testcase classname="tests.test_validation.TestCheckInterval" name="test_check_interval_upper_bound_too_high" file="tests/test_validation.py" line="311" time="0.000" /><testcase classname="tests.test_validation.TestCheckInterval" name="test_check_interval_lower_greater_than_upper" file="tests/test_validation.py" line="316" time="0.000" /><testcase classname="tests.test_validation.TestCheckInterval" name="test_check_interval_equal_bounds" file="tests/test_validation.py" line="321" time="0.000" /><testcase classname="tests.test_validation.TestCheckInterval" name="test_check_interval_symmetric_valid" file="tests/test_validation.py" line="326" time="0.000" /><testcase classname="tests.test_validation.TestCheckInterval" name="test_check_interval_symmetric_invalid" file="tests/test_validation.py" line="331" time="0.000" /><testcase classname="tests.test_validation.TestCheckInterval" name="test_check_interval_edge_case_0_100" file="tests/test_validation.py" line="336" time="0.000" /><testcase classname="tests.test_validation.TestCheckInterval" name="test_check_interval_small_interval" file="tests/test_validation.py" line="341" time="0.000" /><testcase classname="tests.test_validation.TestCheckInterval" name="test_check_interval_returns_none" file="tests/test_validation.py" line="346" time="0.000" /><testcase classname="tests.test_validation.TestCheckExogDtypes" name="test_check_exog_dtypes_valid_dataframe" file="tests/test_validation.py" line="355" time="0.001" /><testcase classname="tests.test_validation.TestCheckExogDtypes" name="test_check_exog_dtypes_valid_series" file="tests/test_validation.py" line="363" time="0.000" /><testcase classname="tests.test_validation.TestCheckExogDtypes" name="test_check_exog_dtypes_valid_categorical" file="tests/test_validation.py" line="368" time="0.001" /><testcase classname="tests.test_validation.TestCheckExogDtypes" name="test_check_exog_dtypes_warning_invalid_dtype_dataframe" file="tests/test_validation.py" line="374" time="0.000" /><testcase classname="tests.test_validation.TestCheckExogDtypes" name="test_check_exog_dtypes_warning_invalid_dtype_series" file="tests/test_validation.py" line="382" time="0.000" /><testcase classname="tests.test_validation.TestCheckExogDtypes" name="test_check_exog_dtypes_error_categorical_non_int" file="tests/test_validation.py" line="390" time="0.001" /><testcase classname="tests.test_validation.TestCheckPredictInput" name="test_check_predict_input_not_fitted" file="tests/test_validation.py" line="404" time="0.000" /><testcase classname="tests.test_validation.TestCheckPredictInput" name="test_check_predict_input_steps_invalid_int" file="tests/test_validation.py" line="418" time="0.000" /><testcase classname="tests.test_validation.TestCheckPredictInput" name="test_check_predict_input_steps_invalid_list" file="tests/test_validation.py" line="432" time="0.000" /><testcase classname="tests.test_validation.TestCheckPredictInput" name="test_check_predict_input_missing_exog" file="tests/test_validation.py" line="446" time="0.000" /><testcase classname="tests.test_validation.TestCheckPredictInput" name="test_check_predict_input_unexpected_exog" file="tests/test_validation.py" line="463" time="0.000" /><testcase classname="tests.test_validation.TestCheckPredictInput" name="test_check_predict_input_valid" file="tests/test_validation.py" line="480" time="0.000" /><testcase classname="tests.test_validation.TestCheckPredictInput" name="test_check_predict_input_valid_with_exog" file="tests/test_validation.py" line="494" time="0.000" /><testcase classname="tests.test_validation.TestCheckPredictInput" name="test_check_predict_input_invalid_exog_columns" file="tests/test_validation.py" line="510" time="0.000" /><testcase classname="tests.test_weight_function_pickle.TestWeightFunction" name="test_weight_function_callable" file="tests/test_weight_function_pickle.py" line="18" time="0.001" /><testcase classname="tests.test_weight_function_pickle.TestWeightFunction" name="test_weight_function_pickle" file="tests/test_weight_function_pickle.py" line="33" time="0.001" /><testcase classname="tests.test_weight_function_pickle.TestWeightFunction" name="test_weight_function_joblib" file="tests/test_weight_function_pickle.py" line="46" time="0.002" /><testcase classname="tests.test_weight_function_pickle.TestWeightFunction" name="test_forecaster_with_weight_function_pickle" file="tests/test_weight_function_pickle.py" line="68" time="0.001" /><testcase classname="tests.test_weight_function_pickle.TestWeightFunction" name="test_forecaster_with_weight_function_joblib" file="tests/test_weight_function_pickle.py" line="88" time="0.002" /><testcase classname="tests.test_weight_function_pickle.TestWeightFunction" name="test_trained_forecaster_with_weight_function_persistence" file="tests/test_weight_function_pickle.py" line="117" time="0.016" /></testsuite></testsuites>